Microchip Technology Inc, vv3_30 (A) 

Tool Name:
  /Applications/microchip/mplabc30/v3.30c/bin/bin/../bin/pic30-coff-ld

Command:
  -p24FJ256DA206 \
  -o \
  dist/IOIO0023/production/app_layer_v1.production.cof \
  -L/Applications/microchip/mplabc30/v3.30c/bin/bin/.. \
  -L/Applications/microchip/mplabc30/v3.30c/bin/bin/../../lib \
  -L/Applications/microchip/mplabc30/v3.30c/bin/bin/../../lib/PIC24E \
  -L/Applications/microchip/mplabc30/v3.30c/bin/bin/../../support/PIC24E/gld \
  -L/Applications/microchip/mplabc30/v3.30c/bin/bin/../../lib/PIC24F \
  -L/Applications/microchip/mplabc30/v3.30c/bin/bin/../../support/PIC24F/gld \
  -L/Applications/microchip/mplabc30/v3.30c/bin/bin/../../lib/PIC24H \
  -L/Applications/microchip/mplabc30/v3.30c/bin/bin/../../support/PIC24H/gld \
  -L/Applications/microchip/mplabc30/v3.30c/bin/bin/../../lib/dsPIC30F \
  -L/Applications/microchip/mplabc30/v3.30c/bin/bin/../../support/dsPIC30F/gld \
  -L/Applications/microchip/mplabc30/v3.30c/bin/bin/../../lib/dsPIC33E \
  -L/Applications/microchip/mplabc30/v3.30c/bin/bin/../../support/dsPIC33E/gld \
  -L/Applications/microchip/mplabc30/v3.30c/bin/bin/../../lib/dsPIC33F \
  -L/Applications/microchip/mplabc30/v3.30c/bin/bin/../../support/dsPIC33F/gld \
  build/IOIO0023/production/_ext/1270477542/logging.o \
  build/IOIO0023/production/_ext/1537399865/uart2.o \
  build/IOIO0023/production/adc.o \
  build/IOIO0023/production/byte_queue.o \
  build/IOIO0023/production/digital.o \
  build/IOIO0023/production/features.o \
  build/IOIO0023/production/i2c.o \
  build/IOIO0023/production/icsp.o \
  build/IOIO0023/production/incap.o \
  build/IOIO0023/production/main.o \
  build/IOIO0023/production/pins.o \
  build/IOIO0023/production/protocol.o \
  build/IOIO0023/production/pwm.o \
  build/IOIO0023/production/spi.o \
  build/IOIO0023/production/timers.o \
  build/IOIO0023/production/uart.o \
  build/IOIO0023/production/rgb_led_matrix.o \
  build/IOIO0023/production/pixel.o \
  ../libusb/dist/PIC24FJ256DA206_ADB/production/libusb.a \
  ../libadb/dist/PIC24FJ256DA206/production/libadb.a \
  ../libbtstack/dist/PIC24FJ256DA206/production/libbtstack.a \
  ../libconn/dist/PIC24FJ256DA206/production/libconn.a \
  ../libsdcard.X/dist/PIC24FJ256DA206/production/libsdcard.X.a \
  --defsym=__MPLAB_BUILD=1 \
  --heap=1536 \
  --gc-sections \
  --library=conn \
  --library=adb \
  --library=usb \
  --library=btstack \
  -L../libconn/dist/PIC24FJ256DA206/production \
  -L../libadb/dist/PIC24FJ256DA206/production \
  -L../libbtstack/dist/PIC24FJ256DA206/production \
  -L../libusb/dist/PIC24FJ256DA206/production \
  -Map=foo.map \
  --report-mem \
  -T \
  dummy.gld.00 \
  -T \
  dummy.gld.01 \
  -start-group \
  --library=pic30-coff \
  --library=m-coff \
  --library=c-coff \
  -end-group \

Archive member included because of file (symbol)

../libconn/dist/PIC24FJ256DA206/production/libconn.a(connection.o)
                              build/IOIO0023/production/main.o (ConnectionInit)
../libconn/dist/PIC24FJ256DA206/production/libconn.a(accessory.o)
                              ../libconn/dist/PIC24FJ256DA206/production/libconn.a(connection.o) (AccessoryInit)
../libconn/dist/PIC24FJ256DA206/production/libconn.a(bt_app.o)
                              ../libconn/dist/PIC24FJ256DA206/production/libconn.a(connection.o) (BTInit)
../libsdcard.X/dist/PIC24FJ256DA206/production/libsdcard.X.a(FSIO.o)
                              build/IOIO0023/production/pixel.o (FSfclose)
../libsdcard.X/dist/PIC24FJ256DA206/production/libsdcard.X.a(SD-SPI.o)
                              ../libsdcard.X/dist/PIC24FJ256DA206/production/libsdcard.X.a(FSIO.o) (MDD_SDSPI_InitIO)
../libadb/dist/PIC24FJ256DA206/production/libadb.a(adb.o)
                              ../libconn/dist/PIC24FJ256DA206/production/libconn.a(connection.o) (ADBAttached)
../libadb/dist/PIC24FJ256DA206/production/libadb.a(adb_file.o)
                              ../libconn/dist/PIC24FJ256DA206/production/libconn.a(connection.o) (ADBFileInit)
../libadb/dist/PIC24FJ256DA206/production/libadb.a(adb_packet.o)
                              ../libadb/dist/PIC24FJ256DA206/production/libadb.a(adb.o) (ADBPacketSend)
../libusb/dist/PIC24FJ256DA206/production/libusb.a(usb_host_android.o)
                              ../libconn/dist/PIC24FJ256DA206/production/libconn.a(connection.o) (USBHostAndroidReset)
../libusb/dist/PIC24FJ256DA206/production/libusb.a(usb_host.o)
                              ../libconn/dist/PIC24FJ256DA206/production/libconn.a(connection.o) (USBHostDeviceStatus)
../libusb/dist/PIC24FJ256DA206/production/libusb.a(usb_host_bluetooth.o)
                              ../libconn/dist/PIC24FJ256DA206/production/libconn.a(connection.o) (USBHostBluetoothTasks)
../libusb/dist/PIC24FJ256DA206/production/libusb.a(usb_config.o)
                              ../libusb/dist/PIC24FJ256DA206/production/libusb.a(usb_host.o) (usbTPL)
../libbtstack/dist/PIC24FJ256DA206/production/libbtstack.a(hci_cmds.o)
[...]
Memory Configuration

Name             Origin             Length             Attributes
data             0x000800           0x017800           a !xr
app_ivt          0x005000           0x000110  
program          0x005110           0x0255f0           xr
*default*        0x000000           0xffffffff  

Linker script and memory map

LOAD build/IOIO0023/production/_ext/1270477542/logging.o
LOAD build/IOIO0023/production/_ext/1537399865/uart2.o
LOAD build/IOIO0023/production/adc.o
LOAD build/IOIO0023/production/byte_queue.o
LOAD build/IOIO0023/production/digital.o
LOAD build/IOIO0023/production/features.o
LOAD build/IOIO0023/production/i2c.o
LOAD build/IOIO0023/production/icsp.o
LOAD build/IOIO0023/production/incap.o
LOAD build/IOIO0023/production/main.o
LOAD build/IOIO0023/production/pins.o
LOAD build/IOIO0023/production/protocol.o
LOAD build/IOIO0023/production/pwm.o
LOAD build/IOIO0023/production/spi.o
LOAD build/IOIO0023/production/timers.o
LOAD build/IOIO0023/production/uart.o
LOAD build/IOIO0023/production/rgb_led_matrix.o
LOAD build/IOIO0023/production/pixel.o
LOAD ../libusb/dist/PIC24FJ256DA206_ADB/production/libusb.a
LOAD ../libadb/dist/PIC24FJ256DA206/production/libadb.a
LOAD ../libbtstack/dist/PIC24FJ256DA206/production/libbtstack.a
LOAD ../libconn/dist/PIC24FJ256DA206/production/libconn.a
LOAD ../libsdcard.X/dist/PIC24FJ256DA206/production/libsdcard.X.a
                    0x0001                  __MPLAB_BUILD = 0x1
LOAD ../libconn/dist/PIC24FJ256DA206/production/libconn.a
LOAD ../libadb/dist/PIC24FJ256DA206/production/libadb.a
LOAD ../libusb/dist/PIC24FJ256DA206/production/libusb.a
LOAD ../libbtstack/dist/PIC24FJ256DA206/production/libbtstack.a
LOAD /Applications/microchip/mplabc30/v3.30c/bin/bin/../../lib/PIC24F/libpPIC24Fxxx-coff.a
                    0x5110                  __CODE_BASE = 0x5110
                    0x5000                  __APP_IVT_BASE = 0x5000
                    0x4f80                  __BLAPI_BASE = 0x4f80
                    0x4f80                  _hardware_version = (__BLAPI_BASE + 0x0)
                    0x4f88                  _bootloader_version = (__BLAPI_BASE + 0x8)
                    0x0800                  __DATA_BASE = 0x800
                    0x1ffe                  __BOOTDATA_BASE = 0x1ffe

.text             0x005110       0x11e2
 *(.init)
 .init            0x005110         0x2e /Applications/microchip/mplabc30/v3.30c/bin/bin/../../lib/libpic30-coff.a(crt0_extended.o)
                  0x005110                  _reset
                  0x005110                  _resetPRI
                  0x005132                  _psv_init
 .init            0x00513e         0x9a /Applications/microchip/mplabc30/v3.30c/bin/bin/../../lib/libpic30-coff.a(data_init_extended.o)
                  0x00513e                  _data_init_extended
                  0x00513e                  _data_init
 *(.user_init)
 *(.handle)
 .handle          0x0051d8        0x1b8 jump_table
 *(.libc)
 .libc            0x005390         0x36 /Applications/microchip/mplabc30/v3.30c/bin/bin/../../lib/libpic30-coff.a(memcpy_helper.o)
                  0x005390                  _memcpy_helper
 .libc            0x0053c6          0xc /Applications/microchip/mplabc30/v3.30c/bin/bin/../../lib/libm-coff.a(mulsi3.o)
                  0x0053c6                  __mulp32eds3
                  0x0053c6                  __mulp32peds3
                  0x0053c6                  __mulsi3
 .libc            0x0053d2          0xe /Applications/microchip/mplabc30/v3.30c/bin/bin/../../lib/libc-coff.a(toupper.XXo)
                  0x0053d2                  toupper
 .libc            0x0053e0          0xe /Applications/microchip/mplabc30/v3.30c/bin/bin/../../lib/libc-coff.a(tolower.XXo)
                  0x0053e0                  tolower
 .libc            0x0053ee         0x2c /Applications/microchip/mplabc30/v3.30c/bin/bin/../../lib/libpic30-coff.a(sbrk.o)
                  0x0053ee                  sbrk
 .libc            0x00541a         0x6e /Applications/microchip/mplabc30/v3.30c/bin/bin/../../lib/libpic30-coff.a(write.o)
                  0x00541a                  write
 .libc            0x005488         0x1e /Applications/microchip/mplabc30/v3.30c/bin/bin/../../lib/libpic30-coff.a(brk.o)
                  0x005488                  brk
 *(.libm)
 .libm            0x0054a6         0x20 /Applications/microchip/mplabc30/v3.30c/bin/bin/../../lib/libm-coff.a(udivsi3.o)
                  0x0054a6                  __udivsi3
 .libm            0x0054c6          0x6 /Applications/microchip/mplabc30/v3.30c/bin/bin/../../lib/libm-coff.a(umodsi3.o)
                  0x0054c6                  __umodsi3
 .libm            0x0054cc        0x216 /Applications/microchip/mplabc30/v3.30c/bin/bin/../../lib/libm-coff.a(divmoddi3.o)
                  0x0054f2                  __udivmoddi3
                  0x0055c0                  __udivdi3
                  0x0055ce                  __umoddi3
                  0x0055d6                  __divdi3
                  0x005610                  __moddi3
 *(.libdsp)
 *(.lib*)
 .libc.memcpy     0x0056e2          0xe /Applications/microchip/mplabc30/v3.30c/bin/bin/../../lib/libc-coff.a(memcpy.XXo)
                  0x0056e2                  memcpy
 .libc.memcmp     0x0056f0         0x34 /Applications/microchip/mplabc30/v3.30c/bin/bin/../../lib/libc-coff.a(memcmp.XXo)
                  0x0056f0                  memcmp
 .libc.memset     0x005724          0xe /Applications/microchip/mplabc30/v3.30c/bin/bin/../../lib/libc-coff.a(memset.XXo)
                  0x005724                  memset
 .libc._sprintf_cdnopuxX
                  0x005732         0x2e /Applications/microchip/mplabc30/v3.30c/bin/bin/../../lib/libc-coff.a(sprintf_cdnopuxX.XXo)
                  0x005732                  _sprintf_cdnopuxX
 .libc.strncpy    0x005760         0x2e /Applications/microchip/mplabc30/v3.30c/bin/bin/../../lib/libc-coff.a(strncpy.XXo)
                  0x005760                  strncpy
 .libc.strlen     0x00578e          0xc /Applications/microchip/mplabc30/v3.30c/bin/bin/../../lib/libc-coff.a(strlen.XXo)
                  0x00578e                  strlen
 .libc.strcpy     0x00579a         0x10 /Applications/microchip/mplabc30/v3.30c/bin/bin/../../lib/libc-coff.a(strcpy.XXo)
                  0x00579a                  strcpy
 .libc.malloc     0x0057aa        0x124 /Applications/microchip/mplabc30/v3.30c/bin/bin/../../lib/libc-coff.a(malloc.XXo)
                  0x0057aa                  malloc
 .libc.free       0x0058ce          0xc /Applications/microchip/mplabc30/v3.30c/bin/bin/../../lib/libc-coff.a(malloc.XXo)
                  0x0058ce                  free
 .libc.realloc    0x0058da         0x5a /Applications/microchip/mplabc30/v3.30c/bin/bin/../../lib/libc-coff.a(malloc.XXo)
                  0x0058da                  realloc
 .libc.strncmp    0x005934         0x22 /Applications/microchip/mplabc30/v3.30c/bin/bin/../../lib/libc-coff.a(strncmp.XXo)
                  0x005934                  strncmp
 .libc._printf_cdnopsuxX
                  0x005956          0xe /Applications/microchip/mplabc30/v3.30c/bin/bin/../../lib/libc-coff.a(printf_cdnopsuxX.XXo)
                  0x005956                  _printf_cdnopsuxX
 .libc.putchar    0x005964          0x4 /Applications/microchip/mplabc30/v3.30c/bin/bin/../../lib/libc-coff.a(putchar.XXo)
                  0x005964                  putchar
 .libc._vfprintf_cdnopsuxX
                  0x005968        0x56a /Applications/microchip/mplabc30/v3.30c/bin/bin/../../lib/libc-coff.a(doprnt_cdnopsuxX.XXo)
                  0x005968                  _vfprintf_cdnopuxX
                  0x005968                  _vfprintf_cdnopsuxX
 .libc.fputc      0x005ed2         0x8e /Applications/microchip/mplabc30/v3.30c/bin/bin/../../lib/libc-coff.a(fputc.XXo)
                  0x005ed2                  fputc
 .libc._flsbuf    0x005f60         0x86 /Applications/microchip/mplabc30/v3.30c/bin/bin/../../lib/libc-coff.a(flsbuf.XXo)
                  0x005f60                  _flsbuf
 *(.isr*)
 .isr.._USB1Interrupt
                  0x005fe6        0x308 ../libusb/dist/PIC24FJ256DA206/production/libusb.a(usb_host.o)
                  0x005fe6                  _USB1Interrupt
 .isr             0x0062ee          0x4 default_isr
                  0x0062ee                  _DefaultInterrupt

reserved_bootloader
                    0x1ffe          0x2
                    0x2000                  . = (. + 0x2)
 *fill*             0x1ffe          0x200

.comment
 *(.comment)

.debug_info
 *(.debug_info)
 *(.gnu.linkonce.wi.*)

.debug_abbrev
 *(.debug_abbrev)

.debug_line
 *(.debug_line)

.debug_frame
 *(.debug_frame)

.debug_str
 *(.debug_str)

.debug_loc
 *(.debug_loc)

.debug_macinfo
 *(.debug_macinfo)

.debug_pubnames
 *(.debug_pubnames)

.debug_ranges
 *(.debug_ranges)

.debug_aranges
 *(.debug_aranges)

.application_ivt
                  0x005000        0x110
                  0x005000          0x2 SHORT 0x5110 ABSOLUTE (__reset)
                  0x005001          0x2 SHORT 0x4
                  0x005002          0x2 SHORT 0x0 ((ABSOLUTE (__reset) >> 0x10) & 0x7f)
                  0x005003          0x2 SHORT 0x0
                  0x005004                  __DEFAULT_VECTOR = .
                  0x005004          0x2 SHORT 0x62ee DEFINED (__DefaultInterrupt)?ABSOLUTE (__DefaultInterrupt):ABSOLUTE (__DefaultInterrupt)
                  0x005005          0x2 SHORT 0x4
                  0x005006          0x2 SHORT 0x0 DEFINED (__DefaultInterrupt)?((ABSOLUTE (__DefaultInterrupt) >> 0x10) & 0x7f):((ABSOLUTE (__DefaultInterrupt) >> 0x10) & 0x7f)
                  0x005007          0x2 SHORT 0x0
                  0x005008          0x2 SHORT 0x62ee DEFINED (__OscillatorFail)?ABSOLUTE (__OscillatorFail):ABSOLUTE (__DefaultInterrupt)
                  0x005009          0x2 SHORT 0x4
                  0x00500a          0x2 SHORT 0x0 DEFINED (__OscillatorFail)?((ABSOLUTE (__OscillatorFail) >> 0x10) & 0x7f):((ABSOLUTE (__DefaultInterrupt) >> 0x10) & 0x7f)
                  0x00500b          0x2 SHORT 0x0
                  0x00500c          0x2 SHORT 0x62ee DEFINED (__AddressError)?ABSOLUTE (__AddressError):ABSOLUTE (__DefaultInterrupt)
                  0x00500d          0x2 SHORT 0x4
                  0x00500e          0x2 SHORT 0x0 DEFINED (__AddressError)?((ABSOLUTE (__AddressError) >> 0x10) & 0x7f):((ABSOLUTE (__DefaultInterrupt) >> 0x10) & 0x7f)
                  0x00500f          0x2 SHORT 0x0
                  0x005010          0x2 SHORT 0x62ee DEFINED (__StackError)?ABSOLUTE (__StackError):ABSOLUTE (__DefaultInterrupt)
                  0x005011          0x2 SHORT 0x4
                  0x005012          0x2 SHORT 0x0 DEFINED (__StackError)?((ABSOLUTE (__StackError) >> 0x10) & 0x7f):((ABSOLUTE (__DefaultInterrupt) >> 0x10) & 0x7f)
                  0x005013          0x2 SHORT 0x0
                  0x005014          0x2 SHORT 0x62ee DEFINED (__MathError)?ABSOLUTE (__MathError):ABSOLUTE (__DefaultInterrupt)
                  0x005015          0x2 SHORT 0x4
                  0x005016          0x2 SHORT 0x0 DEFINED (__MathError)?((ABSOLUTE (__MathError) >> 0x10) & 0x7f):((ABSOLUTE (__DefaultInterrupt) >> 0x10) & 0x7f)
                  0x005017          0x2 SHORT 0x0
                  0x005018          0x2 SHORT 0x62ee DEFINED (__INT0Interrupt)?ABSOLUTE (__INT0Interrupt):ABSOLUTE (__DefaultInterrupt)
                  0x005019          0x2 SHORT 0x4
                  0x00501a          0x2 SHORT 0x0 DEFINED (__INT0Interrupt)?((ABSOLUTE (__INT0Interrupt) >> 0x10) & 0x7f):((ABSOLUTE (__DefaultInterrupt) >> 0x10) & 0x7f)
                  0x00501b          0x2 SHORT 0x0
                  0x00501c          0x2 SHORT 0xeabe DEFINED (__IC1Interrupt)?ABSOLUTE (__IC1Interrupt):ABSOLUTE (__DefaultInterrupt)
                  0x00501d          0x2 SHORT 0x4
                  0x00501e          0x2 SHORT 0x0 DEFINED (__IC1Interrupt)?((ABSOLUTE (__IC1Interrupt) >> 0x10) & 0x7f):((ABSOLUTE (__DefaultInterrupt) >> 0x10) & 0x7f)
                  0x00501f          0x2 SHORT 0x0
                  0x005020          0x2 SHORT 0x62ee DEFINED (__OC1Interrupt)?ABSOLUTE (__OC1Interrupt):ABSOLUTE (__DefaultInterrupt)
                  0x005021          0x2 SHORT 0x4
                  0x005022          0x2 SHORT 0x0 DEFINED (__OC1Interrupt)?((ABSOLUTE (__OC1Interrupt) >> 0x10) & 0x7f):((ABSOLUTE (__DefaultInterrupt) >> 0x10) & 0x7f)
                  0x005023          0x2 SHORT 0x0
                  0x005024          0x2 SHORT 0x62ee DEFINED (__T1Interrupt)?ABSOLUTE (__T1Interrupt):ABSOLUTE (__DefaultInterrupt)
                  0x005025          0x2 SHORT 0x4
                  0x005026          0x2 SHORT 0x0 DEFINED (__T1Interrupt)?((ABSOLUTE (__T1Interrupt) >> 0x10) & 0x7f):((ABSOLUTE (__DefaultInterrupt) >> 0x10) & 0x7f)
                  0x005027          0x2 SHORT 0x0
                  0x005028          0x2 SHORT 0xea9c DEFINED (__IC2Interrupt)?ABSOLUTE (__IC2Interrupt):ABSOLUTE (__DefaultInterrupt)
                  0x005029          0x2 SHORT 0x4
                  0x00502a          0x2 SHORT 0x0 DEFINED (__IC2Interrupt)?((ABSOLUTE (__IC2Interrupt) >> 0x10) & 0x7f):((ABSOLUTE (__DefaultInterrupt) >> 0x10) & 0x7f)
                  0x00502b          0x2 SHORT 0x0
                  0x00502c          0x2 SHORT 0x62ee DEFINED (__OC2Interrupt)?ABSOLUTE (__OC2Interrupt):ABSOLUTE (__DefaultInterrupt)
                  0x00502d          0x2 SHORT 0x4
                  0x00502e          0x2 SHORT 0x0 DEFINED (__OC2Interrupt)?((ABSOLUTE (__OC2Interrupt) >> 0x10) & 0x7f):((ABSOLUTE (__DefaultInterrupt) >> 0x10) & 0x7f)
                  0x00502f          0x2 SHORT 0x0
                  0x005030          0x2 SHORT 0x62ee DEFINED (__T2Interrupt)?ABSOLUTE (__T2Interrupt):ABSOLUTE (__DefaultInterrupt)
                  0x005031          0x2 SHORT 0x4
                  0x005032          0x2 SHORT 0x0 DEFINED (__T2Interrupt)?((ABSOLUTE (__T2Interrupt) >> 0x10) & 0x7f):((ABSOLUTE (__DefaultInterrupt) >> 0x10) & 0x7f)
                  0x005033          0x2 SHORT 0x0
                  0x005034          0x2 SHORT 0x10fe6 DEFINED (__T3Interrupt)?ABSOLUTE (__T3Interrupt):ABSOLUTE (__DefaultInterrupt)
                  0x005035          0x2 SHORT 0x4
                  0x005036          0x2 SHORT 0x1 DEFINED (__T3Interrupt)?((ABSOLUTE (__T3Interrupt) >> 0x10) & 0x7f):((ABSOLUTE (__DefaultInterrupt) >> 0x10) & 0x7f)
                  0x005037          0x2 SHORT 0x0
                  0x005038          0x2 SHORT 0x62ee DEFINED (__SPI1ErrInterrupt)?ABSOLUTE (__SPI1ErrInterrupt):ABSOLUTE (__DefaultInterrupt)
                  0x005039          0x2 SHORT 0x4
                  0x00503a          0x2 SHORT 0x0 DEFINED (__SPI1ErrInterrupt)?((ABSOLUTE (__SPI1ErrInterrupt) >> 0x10) & 0x7f):((ABSOLUTE (__DefaultInterrupt) >> 0x10) & 0x7f)
                  0x00503b          0x2 SHORT 0x0
                  0x00503c          0x2 SHORT 0xdc74 DEFINED (__SPI1Interrupt)?ABSOLUTE (__SPI1Interrupt):ABSOLUTE (__DefaultInterrupt)
                  0x00503d          0x2 SHORT 0x4
                  0x00503e          0x2 SHORT 0x0 DEFINED (__SPI1Interrupt)?((ABSOLUTE (__SPI1Interrupt) >> 0x10) & 0x7f):((ABSOLUTE (__DefaultInterrupt) >> 0x10) & 0x7f)
                  0x00503f          0x2 SHORT 0x0
                  0x005040          0x2 SHORT 0xe5b8 DEFINED (__U1RXInterrupt)?ABSOLUTE (__U1RXInterrupt):ABSOLUTE (__DefaultInterrupt)
                  0x005041          0x2 SHORT 0x4
                  0x005042          0x2 SHORT 0x0 DEFINED (__U1RXInterrupt)?((ABSOLUTE (__U1RXInterrupt) >> 0x10) & 0x7f):((ABSOLUTE (__DefaultInterrupt) >> 0x10) & 0x7f)
                  0x005043          0x2 SHORT 0x0
                  0x005044          0x2 SHORT 0xe440 DEFINED (__U1TXInterrupt)?ABSOLUTE (__U1TXInterrupt):ABSOLUTE (__DefaultInterrupt)
                  0x005045          0x2 SHORT 0x4
                  0x005046          0x2 SHORT 0x0 DEFINED (__U1TXInterrupt)?((ABSOLUTE (__U1TXInterrupt) >> 0x10) & 0x7f):((ABSOLUTE (__DefaultInterrupt) >> 0x10) & 0x7f)
                  0x005047          0x2 SHORT 0x0
                  0x005048          0x2 SHORT 0x11106 DEFINED (__ADC1Interrupt)?ABSOLUTE (__ADC1Interrupt):ABSOLUTE (__DefaultInterrupt)
                  0x005049          0x2 SHORT 0x4
                  0x00504a          0x2 SHORT 0x1 DEFINED (__ADC1Interrupt)?((ABSOLUTE (__ADC1Interrupt) >> 0x10) & 0x7f):((ABSOLUTE (__DefaultInterrupt) >> 0x10) & 0x7f)
                  0x00504b          0x2 SHORT 0x0
                  0x00504c          0x2 SHORT 0x62ee DEFINED (__SI2C1Interrupt)?ABSOLUTE (__SI2C1Interrupt):ABSOLUTE (__DefaultInterrupt)
                  0x00504d          0x2 SHORT 0x4
                  0x00504e          0x2 SHORT 0x0 DEFINED (__SI2C1Interrupt)?((ABSOLUTE (__SI2C1Interrupt) >> 0x10) & 0x7f):((ABSOLUTE (__DefaultInterrupt) >> 0x10) & 0x7f)
                  0x00504f          0x2 SHORT 0x0
                  0x005050          0x2 SHORT 0xee82 DEFINED (__MI2C1Interrupt)?ABSOLUTE (__MI2C1Interrupt):ABSOLUTE (__DefaultInterrupt)
                  0x005051          0x2 SHORT 0x4
                  0x005052          0x2 SHORT 0x0 DEFINED (__MI2C1Interrupt)?((ABSOLUTE (__MI2C1Interrupt) >> 0x10) & 0x7f):((ABSOLUTE (__DefaultInterrupt) >> 0x10) & 0x7f)
                  0x005053          0x2 SHORT 0x0
                  0x005054          0x2 SHORT 0x62ee DEFINED (__CompInterrupt)?ABSOLUTE (__CompInterrupt):ABSOLUTE (__DefaultInterrupt)
                  0x005055          0x2 SHORT 0x4
                  0x005056          0x2 SHORT 0x0 DEFINED (__CompInterrupt)?((ABSOLUTE (__CompInterrupt) >> 0x10) & 0x7f):((ABSOLUTE (__DefaultInterrupt) >> 0x10) & 0x7f)
                  0x005057          0x2 SHORT 0x0
                  0x005058          0x2 SHORT 0x10e02 DEFINED (__CNInterrupt)?ABSOLUTE (__CNInterrupt):ABSOLUTE (__DefaultInterrupt)
                  0x005059          0x2 SHORT 0x4
                  0x00505a          0x2 SHORT 0x1 DEFINED (__CNInterrupt)?((ABSOLUTE (__CNInterrupt) >> 0x10) & 0x7f):((ABSOLUTE (__DefaultInterrupt) >> 0x10) & 0x7f)
                  0x00505b          0x2 SHORT 0x0
                  0x00505c          0x2 SHORT 0x62ee DEFINED (__INT1Interrupt)?ABSOLUTE (__INT1Interrupt):ABSOLUTE (__DefaultInterrupt)
                  0x00505d          0x2 SHORT 0x4
                  0x00505e          0x2 SHORT 0x0 DEFINED (__INT1Interrupt)?((ABSOLUTE (__INT1Interrupt) >> 0x10) & 0x7f):((ABSOLUTE (__DefaultInterrupt) >> 0x10) & 0x7f)
                  0x00505f          0x2 SHORT 0x0
                  0x005060          0x2 SHORT 0xe9f2 DEFINED (__IC7Interrupt)?ABSOLUTE (__IC7Interrupt):ABSOLUTE (__DefaultInterrupt)
                  0x005061          0x2 SHORT 0x4
                  0x005062          0x2 SHORT 0x0 DEFINED (__IC7Interrupt)?((ABSOLUTE (__IC7Interrupt) >> 0x10) & 0x7f):((ABSOLUTE (__DefaultInterrupt) >> 0x10) & 0x7f)
                  0x005063          0x2 SHORT 0x0
                  0x005064          0x2 SHORT 0xe9d0 DEFINED (__IC8Interrupt)?ABSOLUTE (__IC8Interrupt):ABSOLUTE (__DefaultInterrupt)
                  0x005065          0x2 SHORT 0x4
                  0x005066          0x2 SHORT 0x0 DEFINED (__IC8Interrupt)?((ABSOLUTE (__IC8Interrupt) >> 0x10) & 0x7f):((ABSOLUTE (__DefaultInterrupt) >> 0x10) & 0x7f)
                  0x005067          0x2 SHORT 0x0
                  0x005068          0x2 SHORT 0x62ee DEFINED (__OC3Interrupt)?ABSOLUTE (__OC3Interrupt):ABSOLUTE (__DefaultInterrupt)
                  0x005069          0x2 SHORT 0x4
                  0x00506a          0x2 SHORT 0x0 DEFINED (__OC3Interrupt)?((ABSOLUTE (__OC3Interrupt) >> 0x10) & 0x7f):((ABSOLUTE (__DefaultInterrupt) >> 0x10) & 0x7f)
                  0x00506b          0x2 SHORT 0x0
                  0x00506c          0x2 SHORT 0x62ee DEFINED (__OC4Interrupt)?ABSOLUTE (__OC4Interrupt):ABSOLUTE (__DefaultInterrupt)
                  0x00506d          0x2 SHORT 0x4
                  0x00506e          0x2 SHORT 0x0 DEFINED (__OC4Interrupt)?((ABSOLUTE (__OC4Interrupt) >> 0x10) & 0x7f):((ABSOLUTE (__DefaultInterrupt) >> 0x10) & 0x7f)
                  0x00506f          0x2 SHORT 0x0
                  0x005070          0x2 SHORT 0x114fe DEFINED (__T4Interrupt)?ABSOLUTE (__T4Interrupt):ABSOLUTE (__DefaultInterrupt)
                  0x005071          0x2 SHORT 0x4
                  0x005072          0x2 SHORT 0x1 DEFINED (__T4Interrupt)?((ABSOLUTE (__T4Interrupt) >> 0x10) & 0x7f):((ABSOLUTE (__DefaultInterrupt) >> 0x10) & 0x7f)
                  0x005073          0x2 SHORT 0x0
                  0x005074          0x2 SHORT 0xe864 DEFINED (__T5Interrupt)?ABSOLUTE (__T5Interrupt):ABSOLUTE (__DefaultInterrupt)
                  0x005075          0x2 SHORT 0x4
                  0x005076          0x2 SHORT 0x0 DEFINED (__T5Interrupt)?((ABSOLUTE (__T5Interrupt) >> 0x10) & 0x7f):((ABSOLUTE (__DefaultInterrupt) >> 0x10) & 0x7f)
                  0x005077          0x2 SHORT 0x0
                  0x005078          0x2 SHORT 0x62ee DEFINED (__INT2Interrupt)?ABSOLUTE (__INT2Interrupt):ABSOLUTE (__DefaultInterrupt)
                  0x005079          0x2 SHORT 0x4
                  0x00507a          0x2 SHORT 0x0 DEFINED (__INT2Interrupt)?((ABSOLUTE (__INT2Interrupt) >> 0x10) & 0x7f):((ABSOLUTE (__DefaultInterrupt) >> 0x10) & 0x7f)
                  0x00507b          0x2 SHORT 0x0
                  0x00507c          0x2 SHORT 0xe5fa DEFINED (__U2RXInterrupt)?ABSOLUTE (__U2RXInterrupt):ABSOLUTE (__DefaultInterrupt)
                  0x00507d          0x2 SHORT 0x4
                  0x00507e          0x2 SHORT 0x0 DEFINED (__U2RXInterrupt)?((ABSOLUTE (__U2RXInterrupt) >> 0x10) & 0x7f):((ABSOLUTE (__DefaultInterrupt) >> 0x10) & 0x7f)
                  0x00507f          0x2 SHORT 0x0
                  0x005080          0x2 SHORT 0xe41e DEFINED (__U2TXInterrupt)?ABSOLUTE (__U2TXInterrupt):ABSOLUTE (__DefaultInterrupt)
                  0x005081          0x2 SHORT 0x4
                  0x005082          0x2 SHORT 0x0 DEFINED (__U2TXInterrupt)?((ABSOLUTE (__U2TXInterrupt) >> 0x10) & 0x7f):((ABSOLUTE (__DefaultInterrupt) >> 0x10) & 0x7f)
                  0x005083          0x2 SHORT 0x0
                  0x005084          0x2 SHORT 0x62ee DEFINED (__SPI2ErrInterrupt)?ABSOLUTE (__SPI2ErrInterrupt):ABSOLUTE (__DefaultInterrupt)
                  0x005085          0x2 SHORT 0x4
                  0x005086          0x2 SHORT 0x0 DEFINED (__SPI2ErrInterrupt)?((ABSOLUTE (__SPI2ErrInterrupt) >> 0x10) & 0x7f):((ABSOLUTE (__DefaultInterrupt) >> 0x10) & 0x7f)
                  0x005087          0x2 SHORT 0x0
                  0x005088          0x2 SHORT 0xdc96 DEFINED (__SPI2Interrupt)?ABSOLUTE (__SPI2Interrupt):ABSOLUTE (__DefaultInterrupt)
                  0x005089          0x2 SHORT 0x4
                  0x00508a          0x2 SHORT 0x0 DEFINED (__SPI2Interrupt)?((ABSOLUTE (__SPI2Interrupt) >> 0x10) & 0x7f):((ABSOLUTE (__DefaultInterrupt) >> 0x10) & 0x7f)
                  0x00508b          0x2 SHORT 0x0
                  0x00508c          0x2 SHORT 0xea7a DEFINED (__IC3Interrupt)?ABSOLUTE (__IC3Interrupt):ABSOLUTE (__DefaultInterrupt)
                  0x00508d          0x2 SHORT 0x4
                  0x00508e          0x2 SHORT 0x0 DEFINED (__IC3Interrupt)?((ABSOLUTE (__IC3Interrupt) >> 0x10) & 0x7f):((ABSOLUTE (__DefaultInterrupt) >> 0x10) & 0x7f)
                  0x00508f          0x2 SHORT 0x0
                  0x005090          0x2 SHORT 0xea58 DEFINED (__IC4Interrupt)?ABSOLUTE (__IC4Interrupt):ABSOLUTE (__DefaultInterrupt)
                  0x005091          0x2 SHORT 0x4
                  0x005092          0x2 SHORT 0x0 DEFINED (__IC4Interrupt)?((ABSOLUTE (__IC4Interrupt) >> 0x10) & 0x7f):((ABSOLUTE (__DefaultInterrupt) >> 0x10) & 0x7f)
                  0x005093          0x2 SHORT 0x0
                  0x005094          0x2 SHORT 0xea36 DEFINED (__IC5Interrupt)?ABSOLUTE (__IC5Interrupt):ABSOLUTE (__DefaultInterrupt)
                  0x005095          0x2 SHORT 0x4
                  0x005096          0x2 SHORT 0x0 DEFINED (__IC5Interrupt)?((ABSOLUTE (__IC5Interrupt) >> 0x10) & 0x7f):((ABSOLUTE (__DefaultInterrupt) >> 0x10) & 0x7f)
                  0x005097          0x2 SHORT 0x0
                  0x005098          0x2 SHORT 0xea14 DEFINED (__IC6Interrupt)?ABSOLUTE (__IC6Interrupt):ABSOLUTE (__DefaultInterrupt)
                  0x005099          0x2 SHORT 0x4
                  0x00509a          0x2 SHORT 0x0 DEFINED (__IC6Interrupt)?((ABSOLUTE (__IC6Interrupt) >> 0x10) & 0x7f):((ABSOLUTE (__DefaultInterrupt) >> 0x10) & 0x7f)
                  0x00509b          0x2 SHORT 0x0
                  0x00509c          0x2 SHORT 0x62ee DEFINED (__OC5Interrupt)?ABSOLUTE (__OC5Interrupt):ABSOLUTE (__DefaultInterrupt)
                  0x00509d          0x2 SHORT 0x4
                  0x00509e          0x2 SHORT 0x0 DEFINED (__OC5Interrupt)?((ABSOLUTE (__OC5Interrupt) >> 0x10) & 0x7f):((ABSOLUTE (__DefaultInterrupt) >> 0x10) & 0x7f)
                  0x00509f          0x2 SHORT 0x0
                  0x0050a0          0x2 SHORT 0x62ee DEFINED (__OC6Interrupt)?ABSOLUTE (__OC6Interrupt):ABSOLUTE (__DefaultInterrupt)
                  0x0050a1          0x2 SHORT 0x4
                  0x0050a2          0x2 SHORT 0x0 DEFINED (__OC6Interrupt)?((ABSOLUTE (__OC6Interrupt) >> 0x10) & 0x7f):((ABSOLUTE (__DefaultInterrupt) >> 0x10) & 0x7f)
                  0x0050a3          0x2 SHORT 0x0
                  0x0050a4          0x2 SHORT 0x62ee DEFINED (__OC7Interrupt)?ABSOLUTE (__OC7Interrupt):ABSOLUTE (__DefaultInterrupt)
                  0x0050a5          0x2 SHORT 0x4
                  0x0050a6          0x2 SHORT 0x0 DEFINED (__OC7Interrupt)?((ABSOLUTE (__OC7Interrupt) >> 0x10) & 0x7f):((ABSOLUTE (__DefaultInterrupt) >> 0x10) & 0x7f)
                  0x0050a7          0x2 SHORT 0x0
                  0x0050a8          0x2 SHORT 0x62ee DEFINED (__OC8Interrupt)?ABSOLUTE (__OC8Interrupt):ABSOLUTE (__DefaultInterrupt)
                  0x0050a9          0x2 SHORT 0x4
                  0x0050aa          0x2 SHORT 0x0 DEFINED (__OC8Interrupt)?((ABSOLUTE (__OC8Interrupt) >> 0x10) & 0x7f):((ABSOLUTE (__DefaultInterrupt) >> 0x10) & 0x7f)
                  0x0050ab          0x2 SHORT 0x0
                  0x0050ac          0x2 SHORT 0x62ee DEFINED (__PMPInterrupt)?ABSOLUTE (__PMPInterrupt):ABSOLUTE (__DefaultInterrupt)
                  0x0050ad          0x2 SHORT 0x4
                  0x0050ae          0x2 SHORT 0x0 DEFINED (__PMPInterrupt)?((ABSOLUTE (__PMPInterrupt) >> 0x10) & 0x7f):((ABSOLUTE (__DefaultInterrupt) >> 0x10) & 0x7f)
                  0x0050af          0x2 SHORT 0x0
                  0x0050b0          0x2 SHORT 0x62ee DEFINED (__SI2C2Interrupt)?ABSOLUTE (__SI2C2Interrupt):ABSOLUTE (__DefaultInterrupt)
                  0x0050b1          0x2 SHORT 0x4
                  0x0050b2          0x2 SHORT 0x0 DEFINED (__SI2C2Interrupt)?((ABSOLUTE (__SI2C2Interrupt) >> 0x10) & 0x7f):((ABSOLUTE (__DefaultInterrupt) >> 0x10) & 0x7f)
                  0x0050b3          0x2 SHORT 0x0
                  0x0050b4          0x2 SHORT 0xeea4 DEFINED (__MI2C2Interrupt)?ABSOLUTE (__MI2C2Interrupt):ABSOLUTE (__DefaultInterrupt)
                  0x0050b5          0x2 SHORT 0x4
                  0x0050b6          0x2 SHORT 0x0 DEFINED (__MI2C2Interrupt)?((ABSOLUTE (__MI2C2Interrupt) >> 0x10) & 0x7f):((ABSOLUTE (__DefaultInterrupt) >> 0x10) & 0x7f)
                  0x0050b7          0x2 SHORT 0x0
                  0x0050b8          0x2 SHORT 0x62ee DEFINED (__INT3Interrupt)?ABSOLUTE (__INT3Interrupt):ABSOLUTE (__DefaultInterrupt)
                  0x0050b9          0x2 SHORT 0x4
                  0x0050ba          0x2 SHORT 0x0 DEFINED (__INT3Interrupt)?((ABSOLUTE (__INT3Interrupt) >> 0x10) & 0x7f):((ABSOLUTE (__DefaultInterrupt) >> 0x10) & 0x7f)
                  0x0050bb          0x2 SHORT 0x0
                  0x0050bc          0x2 SHORT 0x62ee DEFINED (__INT4Interrupt)?ABSOLUTE (__INT4Interrupt):ABSOLUTE (__DefaultInterrupt)
                  0x0050bd          0x2 SHORT 0x4
                  0x0050be          0x2 SHORT 0x0 DEFINED (__INT4Interrupt)?((ABSOLUTE (__INT4Interrupt) >> 0x10) & 0x7f):((ABSOLUTE (__DefaultInterrupt) >> 0x10) & 0x7f)
                  0x0050bf          0x2 SHORT 0x0
                  0x0050c0          0x2 SHORT 0x62ee DEFINED (__RTCCInterrupt)?ABSOLUTE (__RTCCInterrupt):ABSOLUTE (__DefaultInterrupt)
                  0x0050c1          0x2 SHORT 0x4
                  0x0050c2          0x2 SHORT 0x0 DEFINED (__RTCCInterrupt)?((ABSOLUTE (__RTCCInterrupt) >> 0x10) & 0x7f):((ABSOLUTE (__DefaultInterrupt) >> 0x10) & 0x7f)
                  0x0050c3          0x2 SHORT 0x0
                  0x0050c4          0x2 SHORT 0x62ee DEFINED (__U1ErrInterrupt)?ABSOLUTE (__U1ErrInterrupt):ABSOLUTE (__DefaultInterrupt)
                  0x0050c5          0x2 SHORT 0x4
                  0x0050c6          0x2 SHORT 0x0 DEFINED (__U1ErrInterrupt)?((ABSOLUTE (__U1ErrInterrupt) >> 0x10) & 0x7f):((ABSOLUTE (__DefaultInterrupt) >> 0x10) & 0x7f)
                  0x0050c7          0x2 SHORT 0x0
                  0x0050c8          0x2 SHORT 0x62ee DEFINED (__U2ErrInterrupt)?ABSOLUTE (__U2ErrInterrupt):ABSOLUTE (__DefaultInterrupt)
                  0x0050c9          0x2 SHORT 0x4
                  0x0050ca          0x2 SHORT 0x0 DEFINED (__U2ErrInterrupt)?((ABSOLUTE (__U2ErrInterrupt) >> 0x10) & 0x7f):((ABSOLUTE (__DefaultInterrupt) >> 0x10) & 0x7f)
                  0x0050cb          0x2 SHORT 0x0
                  0x0050cc          0x2 SHORT 0x1107a DEFINED (__CRCInterrupt)?ABSOLUTE (__CRCInterrupt):ABSOLUTE (__DefaultInterrupt)
                  0x0050cd          0x2 SHORT 0x4
                  0x0050ce          0x2 SHORT 0x1 DEFINED (__CRCInterrupt)?((ABSOLUTE (__CRCInterrupt) >> 0x10) & 0x7f):((ABSOLUTE (__DefaultInterrupt) >> 0x10) & 0x7f)
                  0x0050cf          0x2 SHORT 0x0
                  0x0050d0          0x2 SHORT 0x62ee DEFINED (__LVDInterrupt)?ABSOLUTE (__LVDInterrupt):ABSOLUTE (__DefaultInterrupt)
                  0x0050d1          0x2 SHORT 0x4
                  0x0050d2          0x2 SHORT 0x0 DEFINED (__LVDInterrupt)?((ABSOLUTE (__LVDInterrupt) >> 0x10) & 0x7f):((ABSOLUTE (__DefaultInterrupt) >> 0x10) & 0x7f)
                  0x0050d3          0x2 SHORT 0x0
                  0x0050d4          0x2 SHORT 0x62ee DEFINED (__CTMUInterrupt)?ABSOLUTE (__CTMUInterrupt):ABSOLUTE (__DefaultInterrupt)
                  0x0050d5          0x2 SHORT 0x4
                  0x0050d6          0x2 SHORT 0x0 DEFINED (__CTMUInterrupt)?((ABSOLUTE (__CTMUInterrupt) >> 0x10) & 0x7f):((ABSOLUTE (__DefaultInterrupt) >> 0x10) & 0x7f)
                  0x0050d7          0x2 SHORT 0x0
                  0x0050d8          0x2 SHORT 0x62ee DEFINED (__U3ErrInterrupt)?ABSOLUTE (__U3ErrInterrupt):ABSOLUTE (__DefaultInterrupt)
                  0x0050d9          0x2 SHORT 0x4
                  0x0050da          0x2 SHORT 0x0 DEFINED (__U3ErrInterrupt)?((ABSOLUTE (__U3ErrInterrupt) >> 0x10) & 0x7f):((ABSOLUTE (__DefaultInterrupt) >> 0x10) & 0x7f)
                  0x0050db          0x2 SHORT 0x0
                  0x0050dc          0x2 SHORT 0xe63c DEFINED (__U3RXInterrupt)?ABSOLUTE (__U3RXInterrupt):ABSOLUTE (__DefaultInterrupt)
                  0x0050dd          0x2 SHORT 0x4
                  0x0050de          0x2 SHORT 0x0 DEFINED (__U3RXInterrupt)?((ABSOLUTE (__U3RXInterrupt) >> 0x10) & 0x7f):((ABSOLUTE (__DefaultInterrupt) >> 0x10) & 0x7f)
                  0x0050df          0x2 SHORT 0x0
                  0x0050e0          0x2 SHORT 0xe3fc DEFINED (__U3TXInterrupt)?ABSOLUTE (__U3TXInterrupt):ABSOLUTE (__DefaultInterrupt)
                  0x0050e1          0x2 SHORT 0x4
                  0x0050e2          0x2 SHORT 0x0 DEFINED (__U3TXInterrupt)?((ABSOLUTE (__U3TXInterrupt) >> 0x10) & 0x7f):((ABSOLUTE (__DefaultInterrupt) >> 0x10) & 0x7f)
                  0x0050e3          0x2 SHORT 0x0
                  0x0050e4          0x2 SHORT 0x62ee DEFINED (__SI2C3Interrupt)?ABSOLUTE (__SI2C3Interrupt):ABSOLUTE (__DefaultInterrupt)
                  0x0050e5          0x2 SHORT 0x4
                  0x0050e6          0x2 SHORT 0x0 DEFINED (__SI2C3Interrupt)?((ABSOLUTE (__SI2C3Interrupt) >> 0x10) & 0x7f):((ABSOLUTE (__DefaultInterrupt) >> 0x10) & 0x7f)
                  0x0050e7          0x2 SHORT 0x0
                  0x0050e8          0x2 SHORT 0xeec6 DEFINED (__MI2C3Interrupt)?ABSOLUTE (__MI2C3Interrupt):ABSOLUTE (__DefaultInterrupt)
                  0x0050e9          0x2 SHORT 0x4
                  0x0050ea          0x2 SHORT 0x0 DEFINED (__MI2C3Interrupt)?((ABSOLUTE (__MI2C3Interrupt) >> 0x10) & 0x7f):((ABSOLUTE (__DefaultInterrupt) >> 0x10) & 0x7f)
                  0x0050eb          0x2 SHORT 0x0
                  0x0050ec          0x2 SHORT 0x62ee DEFINED (__U4ErrInterrupt)?ABSOLUTE (__U4ErrInterrupt):ABSOLUTE (__DefaultInterrupt)
                  0x0050ed          0x2 SHORT 0x4
                  0x0050ee          0x2 SHORT 0x0 DEFINED (__U4ErrInterrupt)?((ABSOLUTE (__U4ErrInterrupt) >> 0x10) & 0x7f):((ABSOLUTE (__DefaultInterrupt) >> 0x10) & 0x7f)
                  0x0050ef          0x2 SHORT 0x0
                  0x0050f0          0x2 SHORT 0xe21a DEFINED (__U4RXInterrupt)?ABSOLUTE (__U4RXInterrupt):ABSOLUTE (__DefaultInterrupt)
                  0x0050f1          0x2 SHORT 0x4
                  0x0050f2          0x2 SHORT 0x0 DEFINED (__U4RXInterrupt)?((ABSOLUTE (__U4RXInterrupt) >> 0x10) & 0x7f):((ABSOLUTE (__DefaultInterrupt) >> 0x10) & 0x7f)
                  0x0050f3          0x2 SHORT 0x0
                  0x0050f4          0x2 SHORT 0xe3da DEFINED (__U4TXInterrupt)?ABSOLUTE (__U4TXInterrupt):ABSOLUTE (__DefaultInterrupt)
                  0x0050f5          0x2 SHORT 0x4
                  0x0050f6          0x2 SHORT 0x0 DEFINED (__U4TXInterrupt)?((ABSOLUTE (__U4TXInterrupt) >> 0x10) & 0x7f):((ABSOLUTE (__DefaultInterrupt) >> 0x10) & 0x7f)
                  0x0050f7          0x2 SHORT 0x0
                  0x0050f8          0x2 SHORT 0x62ee DEFINED (__SPI3ErrInterrupt)?ABSOLUTE (__SPI3ErrInterrupt):ABSOLUTE (__DefaultInterrupt)
                  0x0050f9          0x2 SHORT 0x4
                  0x0050fa          0x2 SHORT 0x0 DEFINED (__SPI3ErrInterrupt)?((ABSOLUTE (__SPI3ErrInterrupt) >> 0x10) & 0x7f):((ABSOLUTE (__DefaultInterrupt) >> 0x10) & 0x7f)
                  0x0050fb          0x2 SHORT 0x0
                  0x0050fc          0x2 SHORT 0xdcb8 DEFINED (__SPI3Interrupt)?ABSOLUTE (__SPI3Interrupt):ABSOLUTE (__DefaultInterrupt)
                  0x0050fd          0x2 SHORT 0x4
                  0x0050fe          0x2 SHORT 0x0 DEFINED (__SPI3Interrupt)?((ABSOLUTE (__SPI3Interrupt) >> 0x10) & 0x7f):((ABSOLUTE (__DefaultInterrupt) >> 0x10) & 0x7f)
                  0x0050ff          0x2 SHORT 0x0
                  0x005100          0x2 SHORT 0x62ee DEFINED (__OC9Interrupt)?ABSOLUTE (__OC9Interrupt):ABSOLUTE (__DefaultInterrupt)
                  0x005101          0x2 SHORT 0x4
                  0x005102          0x2 SHORT 0x0 DEFINED (__OC9Interrupt)?((ABSOLUTE (__OC9Interrupt) >> 0x10) & 0x7f):((ABSOLUTE (__DefaultInterrupt) >> 0x10) & 0x7f)
                  0x005103          0x2 SHORT 0x0
                  0x005104          0x2 SHORT 0xe9ae DEFINED (__IC9Interrupt)?ABSOLUTE (__IC9Interrupt):ABSOLUTE (__DefaultInterrupt)
                  0x005105          0x2 SHORT 0x4
                  0x005106          0x2 SHORT 0x0 DEFINED (__IC9Interrupt)?((ABSOLUTE (__IC9Interrupt) >> 0x10) & 0x7f):((ABSOLUTE (__DefaultInterrupt) >> 0x10) & 0x7f)
                  0x005107          0x2 SHORT 0x0
                  0x005108          0x2 SHORT 0x62ee DEFINED (__GFX1Interrupt)?ABSOLUTE (__GFX1Interrupt):ABSOLUTE (__DefaultInterrupt)
                  0x005109          0x2 SHORT 0x4
                  0x00510a          0x2 SHORT 0x0 DEFINED (__GFX1Interrupt)?((ABSOLUTE (__GFX1Interrupt) >> 0x10) & 0x7f):((ABSOLUTE (__DefaultInterrupt) >> 0x10) & 0x7f)
                  0x00510b          0x2 SHORT 0x0
                  0x00510c          0x2 SHORT 0x5fe6 DEFINED (__USB1Interrupt)?ABSOLUTE (__USB1Interrupt):ABSOLUTE (__DefaultInterrupt)
                  0x00510d          0x2 SHORT 0x4
                  0x00510e          0x2 SHORT 0x0 DEFINED (__USB1Interrupt)?((ABSOLUTE (__USB1Interrupt) >> 0x10) & 0x7f):((ABSOLUTE (__DefaultInterrupt) >> 0x10) & 0x7f)
                  0x00510f          0x2 SHORT 0x0
                    0x0000                  WREG0 = 0x0
                    0x0000                  _WREG0 = 0x0
                    0x0002                  WREG1 = 0x2
                    0x0002                  _WREG1 = 0x2
                    0x0004                  WREG2 = 0x4
                    0x0004                  _WREG2 = 0x4
                    0x0006                  WREG3 = 0x6
                    0x0006                  _WREG3 = 0x6
                    0x0008                  WREG4 = 0x8
                    0x0008                  _WREG4 = 0x8
                    0x000a                  WREG5 = 0xa
                    0x000a                  _WREG5 = 0xa
                    0x000c                  WREG6 = 0xc
                    0x000c                  _WREG6 = 0xc
                    0x000e                  WREG7 = 0xe
                    0x000e                  _WREG7 = 0xe
                    0x0010                  WREG8 = 0x10
                    0x0010                  _WREG8 = 0x10
                    0x0012                  WREG9 = 0x12
                    0x0012                  _WREG9 = 0x12
                    0x0014                  WREG10 = 0x14
                    0x0014                  _WREG10 = 0x14
                    0x0016                  WREG11 = 0x16
                    0x0016                  _WREG11 = 0x16
                    0x0018                  WREG12 = 0x18
                    0x0018                  _WREG12 = 0x18
                    0x001a                  WREG13 = 0x1a
                    0x001a                  _WREG13 = 0x1a
                    0x001c                  WREG14 = 0x1c
                    0x001c                  _WREG14 = 0x1c
                    0x001e                  WREG15 = 0x1e
                    0x001e                  _WREG15 = 0x1e
                    0x0020                  SPLIM = 0x20
                    0x0020                  _SPLIM = 0x20
                    0x002e                  PCL = 0x2e
                    0x002e                  _PCL = 0x2e
                    0x0030                  PCH = 0x30
                    0x0030                  _PCH = 0x30
                    0x0032                  DSRPAG = 0x32
                    0x0032                  _DSRPAG = 0x32
                    0x0034                  DSWPAG = 0x34
                    0x0034                  _DSWPAG = 0x34
                    0x0036                  RCOUNT = 0x36
                    0x0036                  _RCOUNT = 0x36
                    0x0042                  SR = 0x42
                    0x0042                  _SR = 0x42
                    0x0042                  _SRbits = 0x42
                    0x0044                  CORCON = 0x44
                    0x0044                  _CORCON = 0x44
                    0x0044                  _CORCONbits = 0x44
                    0x0052                  DISICNT = 0x52
                    0x0052                  _DISICNT = 0x52
                    0x0054                  TBLPAG = 0x54
                    0x0054                  _TBLPAG = 0x54
                    0x0056                  CNPD1 = 0x56
                    0x0056                  _CNPD1 = 0x56
                    0x0056                  _CNPD1bits = 0x56
                    0x0058                  CNPD2 = 0x58
                    0x0058                  _CNPD2 = 0x58
                    0x0058                  _CNPD2bits = 0x58
                    0x005a                  CNPD3 = 0x5a
                    0x005a                  _CNPD3 = 0x5a
                    0x005a                  _CNPD3bits = 0x5a
                    0x005c                  CNPD4 = 0x5c
                    0x005c                  _CNPD4 = 0x5c
                    0x005c                  _CNPD4bits = 0x5c
                    0x005e                  CNPD5 = 0x5e
                    0x005e                  _CNPD5 = 0x5e
                    0x005e                  _CNPD5bits = 0x5e
                    0x0060                  CNPD6 = 0x60
                    0x0060                  _CNPD6 = 0x60
                    0x0060                  _CNPD6bits = 0x60
                    0x0062                  CNEN1 = 0x62
                    0x0062                  _CNEN1 = 0x62
                    0x0062                  _CNEN1bits = 0x62
                    0x0064                  CNEN2 = 0x64
                    0x0064                  _CNEN2 = 0x64
                    0x0064                  _CNEN2bits = 0x64
                    0x0066                  CNEN3 = 0x66
                    0x0066                  _CNEN3 = 0x66
                    0x0066                  _CNEN3bits = 0x66
                    0x0068                  CNEN4 = 0x68
                    0x0068                  _CNEN4 = 0x68
                    0x0068                  _CNEN4bits = 0x68
                    0x006a                  CNEN5 = 0x6a
                    0x006a                  _CNEN5 = 0x6a
                    0x006a                  _CNEN5bits = 0x6a
                    0x006c                  CNEN6 = 0x6c
                    0x006c                  _CNEN6 = 0x6c
                    0x006c                  _CNEN6bits = 0x6c
                    0x006e                  CNPU1 = 0x6e
                    0x006e                  _CNPU1 = 0x6e
                    0x006e                  _CNPU1bits = 0x6e
                    0x0070                  CNPU2 = 0x70
                    0x0070                  _CNPU2 = 0x70
                    0x0070                  _CNPU2bits = 0x70
                    0x0072                  CNPU3 = 0x72
                    0x0072                  _CNPU3 = 0x72
                    0x0072                  _CNPU3bits = 0x72
                    0x0074                  CNPU4 = 0x74
                    0x0074                  _CNPU4 = 0x74
                    0x0074                  _CNPU4bits = 0x74
                    0x0076                  CNPU5 = 0x76
                    0x0076                  _CNPU5 = 0x76
                    0x0076                  _CNPU5bits = 0x76
                    0x0078                  CNPU6 = 0x78
                    0x0078                  _CNPU6 = 0x78
                    0x0078                  _CNPU6bits = 0x78
                    0x0080                  INTCON1 = 0x80
                    0x0080                  _INTCON1 = 0x80
                    0x0080                  _INTCON1bits = 0x80
                    0x0082                  INTCON2 = 0x82
                    0x0082                  _INTCON2 = 0x82
                    0x0082                  _INTCON2bits = 0x82
                    0x0084                  IFS0 = 0x84
                    0x0084                  _IFS0 = 0x84
                    0x0084                  _IFS0bits = 0x84
                    0x0086                  IFS1 = 0x86
                    0x0086                  _IFS1 = 0x86
                    0x0086                  _IFS1bits = 0x86
                    0x0088                  IFS2 = 0x88
                    0x0088                  _IFS2 = 0x88
                    0x0088                  _IFS2bits = 0x88
                    0x008a                  IFS3 = 0x8a
                    0x008a                  _IFS3 = 0x8a
                    0x008a                  _IFS3bits = 0x8a
                    0x008c                  IFS4 = 0x8c
                    0x008c                  _IFS4 = 0x8c
                    0x008c                  _IFS4bits = 0x8c
                    0x008e                  IFS5 = 0x8e
                    0x008e                  _IFS5 = 0x8e
                    0x008e                  _IFS5bits = 0x8e
                    0x0090                  IFS6 = 0x90
                    0x0090                  _IFS6 = 0x90
                    0x0090                  _IFS6bits = 0x90
                    0x0094                  IEC0 = 0x94
                    0x0094                  _IEC0 = 0x94
                    0x0094                  _IEC0bits = 0x94
                    0x0096                  IEC1 = 0x96
                    0x0096                  _IEC1 = 0x96
                    0x0096                  _IEC1bits = 0x96
                    0x0098                  IEC2 = 0x98
                    0x0098                  _IEC2 = 0x98
                    0x0098                  _IEC2bits = 0x98
                    0x009a                  IEC3 = 0x9a
                    0x009a                  _IEC3 = 0x9a
                    0x009a                  _IEC3bits = 0x9a
                    0x009c                  IEC4 = 0x9c
                    0x009c                  _IEC4 = 0x9c
                    0x009c                  _IEC4bits = 0x9c
                    0x009e                  IEC5 = 0x9e
                    0x009e                  _IEC5 = 0x9e
                    0x009e                  _IEC5bits = 0x9e
                    0x00a0                  IEC6 = 0xa0
                    0x00a0                  _IEC6 = 0xa0
                    0x00a0                  _IEC6bits = 0xa0
                    0x00a4                  IPC0 = 0xa4
                    0x00a4                  _IPC0 = 0xa4
                    0x00a4                  _IPC0bits = 0xa4
                    0x00a6                  IPC1 = 0xa6
                    0x00a6                  _IPC1 = 0xa6
                    0x00a6                  _IPC1bits = 0xa6
                    0x00a8                  IPC2 = 0xa8
                    0x00a8                  _IPC2 = 0xa8
                    0x00a8                  _IPC2bits = 0xa8
                    0x00aa                  IPC3 = 0xaa
                    0x00aa                  _IPC3 = 0xaa
                    0x00aa                  _IPC3bits = 0xaa
                    0x00ac                  IPC4 = 0xac
                    0x00ac                  _IPC4 = 0xac
                    0x00ac                  _IPC4bits = 0xac
                    0x00ae                  IPC5 = 0xae
                    0x00ae                  _IPC5 = 0xae
                    0x00ae                  _IPC5bits = 0xae
                    0x00b0                  IPC6 = 0xb0
                    0x00b0                  _IPC6 = 0xb0
                    0x00b0                  _IPC6bits = 0xb0
                    0x00b2                  IPC7 = 0xb2
                    0x00b2                  _IPC7 = 0xb2
                    0x00b2                  _IPC7bits = 0xb2
                    0x00b4                  IPC8 = 0xb4
                    0x00b4                  _IPC8 = 0xb4
                    0x00b4                  _IPC8bits = 0xb4
                    0x00b6                  IPC9 = 0xb6
                    0x00b6                  _IPC9 = 0xb6
                    0x00b6                  _IPC9bits = 0xb6
                    0x00b8                  IPC10 = 0xb8
                    0x00b8                  _IPC10 = 0xb8
                    0x00b8                  _IPC10bits = 0xb8
                    0x00ba                  IPC11 = 0xba
                    0x00ba                  _IPC11 = 0xba
                    0x00ba                  _IPC11bits = 0xba
                    0x00bc                  IPC12 = 0xbc
                    0x00bc                  _IPC12 = 0xbc
                    0x00bc                  _IPC12bits = 0xbc
                    0x00be                  IPC13 = 0xbe
                    0x00be                  _IPC13 = 0xbe
                    0x00be                  _IPC13bits = 0xbe
                    0x00c2                  IPC15 = 0xc2
                    0x00c2                  _IPC15 = 0xc2
                    0x00c2                  _IPC15bits = 0xc2
                    0x00c4                  IPC16 = 0xc4
                    0x00c4                  _IPC16 = 0xc4
                    0x00c4                  _IPC16bits = 0xc4
                    0x00c8                  IPC18 = 0xc8
                    0x00c8                  _IPC18 = 0xc8
                    0x00c8                  _IPC18bits = 0xc8
                    0x00ca                  IPC19 = 0xca
                    0x00ca                  _IPC19 = 0xca
                    0x00ca                  _IPC19bits = 0xca
                    0x00cc                  IPC20 = 0xcc
                    0x00cc                  _IPC20 = 0xcc
                    0x00cc                  _IPC20bits = 0xcc
                    0x00ce                  IPC21 = 0xce
                    0x00ce                  _IPC21 = 0xce
                    0x00ce                  _IPC21bits = 0xce
                    0x00d0                  IPC22 = 0xd0
                    0x00d0                  _IPC22 = 0xd0
                    0x00d0                  _IPC22bits = 0xd0
                    0x00d2                  IPC23 = 0xd2
                    0x00d2                  _IPC23 = 0xd2
                    0x00d2                  _IPC23bits = 0xd2
                    0x00d6                  IPC25 = 0xd6
                    0x00d6                  _IPC25 = 0xd6
                    0x00d6                  _IPC25bits = 0xd6
                    0x00e0                  INTTREG = 0xe0
                    0x00e0                  _INTTREG = 0xe0
                    0x00e0                  _INTTREGbits = 0xe0
                    0x0100                  TMR1 = 0x100
                    0x0100                  _TMR1 = 0x100
                    0x0102                  PR1 = 0x102
                    0x0102                  _PR1 = 0x102
                    0x0104                  T1CON = 0x104
                    0x0104                  _T1CON = 0x104
                    0x0104                  _T1CONbits = 0x104
                    0x0106                  TMR2 = 0x106
                    0x0106                  _TMR2 = 0x106
                    0x0108                  TMR3HLD = 0x108
                    0x0108                  _TMR3HLD = 0x108
                    0x010a                  TMR3 = 0x10a
                    0x010a                  _TMR3 = 0x10a
                    0x010c                  PR2 = 0x10c
                    0x010c                  _PR2 = 0x10c
                    0x010e                  PR3 = 0x10e
                    0x010e                  _PR3 = 0x10e
                    0x0110                  T2CON = 0x110
                    0x0110                  _T2CON = 0x110
                    0x0110                  _T2CONbits = 0x110
                    0x0112                  T3CON = 0x112
                    0x0112                  _T3CON = 0x112
                    0x0112                  _T3CONbits = 0x112
                    0x0114                  TMR4 = 0x114
                    0x0114                  _TMR4 = 0x114
                    0x0116                  TMR5HLD = 0x116
                    0x0116                  _TMR5HLD = 0x116
                    0x0118                  TMR5 = 0x118
                    0x0118                  _TMR5 = 0x118
                    0x011a                  PR4 = 0x11a
                    0x011a                  _PR4 = 0x11a
                    0x011c                  PR5 = 0x11c
                    0x011c                  _PR5 = 0x11c
                    0x011e                  T4CON = 0x11e
                    0x011e                  _T4CON = 0x11e
                    0x011e                  _T4CONbits = 0x11e
                    0x0120                  T5CON = 0x120
                    0x0120                  _T5CON = 0x120
                    0x0120                  _T5CONbits = 0x120
                    0x0140                  IC1CON1 = 0x140
                    0x0140                  _IC1CON1 = 0x140
                    0x0140                  _IC1CON1bits = 0x140
                    0x0142                  IC1CON2 = 0x142
                    0x0142                  _IC1CON2 = 0x142
                    0x0142                  _IC1CON2bits = 0x142
                    0x0144                  IC1BUF = 0x144
                    0x0144                  _IC1BUF = 0x144
                    0x0146                  IC1TMR = 0x146
                    0x0146                  _IC1TMR = 0x146
                    0x0148                  IC2CON1 = 0x148
                    0x0148                  _IC2CON1 = 0x148
                    0x0148                  _IC2CON1bits = 0x148
                    0x014a                  IC2CON2 = 0x14a
                    0x014a                  _IC2CON2 = 0x14a
                    0x014a                  _IC2CON2bits = 0x14a
                    0x014c                  IC2BUF = 0x14c
                    0x014c                  _IC2BUF = 0x14c
                    0x014e                  IC2TMR = 0x14e
                    0x014e                  _IC2TMR = 0x14e
                    0x0150                  IC3CON1 = 0x150
                    0x0150                  _IC3CON1 = 0x150
                    0x0150                  _IC3CON1bits = 0x150
                    0x0152                  IC3CON2 = 0x152
                    0x0152                  _IC3CON2 = 0x152
                    0x0152                  _IC3CON2bits = 0x152
                    0x0154                  IC3BUF = 0x154
                    0x0154                  _IC3BUF = 0x154
                    0x0156                  IC3TMR = 0x156
                    0x0156                  _IC3TMR = 0x156
                    0x0158                  IC4CON1 = 0x158
                    0x0158                  _IC4CON1 = 0x158
                    0x0158                  _IC4CON1bits = 0x158
                    0x015a                  IC4CON2 = 0x15a
                    0x015a                  _IC4CON2 = 0x15a
                    0x015a                  _IC4CON2bits = 0x15a
                    0x015c                  IC4BUF = 0x15c
                    0x015c                  _IC4BUF = 0x15c
                    0x015e                  IC4TMR = 0x15e
                    0x015e                  _IC4TMR = 0x15e
                    0x0160                  IC5CON1 = 0x160
                    0x0160                  _IC5CON1 = 0x160
                    0x0160                  _IC5CON1bits = 0x160
                    0x0162                  IC5CON2 = 0x162
                    0x0162                  _IC5CON2 = 0x162
                    0x0162                  _IC5CON2bits = 0x162
                    0x0164                  IC5BUF = 0x164
                    0x0164                  _IC5BUF = 0x164
                    0x0166                  IC5TMR = 0x166
                    0x0166                  _IC5TMR = 0x166
                    0x0168                  IC6CON1 = 0x168
                    0x0168                  _IC6CON1 = 0x168
                    0x0168                  _IC6CON1bits = 0x168
                    0x016a                  IC6CON2 = 0x16a
                    0x016a                  _IC6CON2 = 0x16a
                    0x016a                  _IC6CON2bits = 0x16a
                    0x016c                  IC6BUF = 0x16c
                    0x016c                  _IC6BUF = 0x16c
                    0x016e                  IC6TMR = 0x16e
                    0x016e                  _IC6TMR = 0x16e
                    0x0170                  IC7CON1 = 0x170
                    0x0170                  _IC7CON1 = 0x170
                    0x0170                  _IC7CON1bits = 0x170
                    0x0172                  IC7CON2 = 0x172
                    0x0172                  _IC7CON2 = 0x172
                    0x0172                  _IC7CON2bits = 0x172
                    0x0174                  IC7BUF = 0x174
                    0x0174                  _IC7BUF = 0x174
                    0x0176                  IC7TMR = 0x176
                    0x0176                  _IC7TMR = 0x176
                    0x0178                  IC8CON1 = 0x178
                    0x0178                  _IC8CON1 = 0x178
                    0x0178                  _IC8CON1bits = 0x178
                    0x017a                  IC8CON2 = 0x17a
                    0x017a                  _IC8CON2 = 0x17a
                    0x017a                  _IC8CON2bits = 0x17a
                    0x017c                  IC8BUF = 0x17c
                    0x017c                  _IC8BUF = 0x17c
                    0x017e                  IC8TMR = 0x17e
                    0x017e                  _IC8TMR = 0x17e
                    0x0180                  IC9CON1 = 0x180
                    0x0180                  _IC9CON1 = 0x180
                    0x0180                  _IC9CON1bits = 0x180
                    0x0182                  IC9CON2 = 0x182
                    0x0182                  _IC9CON2 = 0x182
                    0x0182                  _IC9CON2bits = 0x182
                    0x0184                  IC9BUF = 0x184
                    0x0184                  _IC9BUF = 0x184
                    0x0186                  IC9TMR = 0x186
                    0x0186                  _IC9TMR = 0x186
                    0x0190                  OC1CON1 = 0x190
                    0x0190                  _OC1CON1 = 0x190
                    0x0190                  _OC1CON1bits = 0x190
                    0x0192                  OC1CON2 = 0x192
                    0x0192                  _OC1CON2 = 0x192
                    0x0192                  _OC1CON2bits = 0x192
                    0x0194                  OC1RS = 0x194
                    0x0194                  _OC1RS = 0x194
                    0x0196                  OC1R = 0x196
                    0x0196                  _OC1R = 0x196
                    0x0198                  OC1TMR = 0x198
                    0x0198                  _OC1TMR = 0x198
                    0x019a                  OC2CON1 = 0x19a
                    0x019a                  _OC2CON1 = 0x19a
                    0x019a                  _OC2CON1bits = 0x19a
                    0x019c                  OC2CON2 = 0x19c
                    0x019c                  _OC2CON2 = 0x19c
                    0x019c                  _OC2CON2bits = 0x19c
                    0x019e                  OC2RS = 0x19e
                    0x019e                  _OC2RS = 0x19e
                    0x01a0                  OC2R = 0x1a0
                    0x01a0                  _OC2R = 0x1a0
                    0x01a2                  OC2TMR = 0x1a2
                    0x01a2                  _OC2TMR = 0x1a2
                    0x01a4                  OC3CON1 = 0x1a4
                    0x01a4                  _OC3CON1 = 0x1a4
                    0x01a4                  _OC3CON1bits = 0x1a4
                    0x01a6                  OC3CON2 = 0x1a6
                    0x01a6                  _OC3CON2 = 0x1a6
                    0x01a6                  _OC3CON2bits = 0x1a6
                    0x01a8                  OC3RS = 0x1a8
                    0x01a8                  _OC3RS = 0x1a8
                    0x01aa                  OC3R = 0x1aa
                    0x01aa                  _OC3R = 0x1aa
                    0x01ac                  OC3TMR = 0x1ac
                    0x01ac                  _OC3TMR = 0x1ac
                    0x01ae                  OC4CON1 = 0x1ae
                    0x01ae                  _OC4CON1 = 0x1ae
                    0x01ae                  _OC4CON1bits = 0x1ae
                    0x01b0                  OC4CON2 = 0x1b0
                    0x01b0                  _OC4CON2 = 0x1b0
                    0x01b0                  _OC4CON2bits = 0x1b0
                    0x01b2                  OC4RS = 0x1b2
                    0x01b2                  _OC4RS = 0x1b2
                    0x01b4                  OC4R = 0x1b4
                    0x01b4                  _OC4R = 0x1b4
                    0x01b6                  OC4TMR = 0x1b6
                    0x01b6                  _OC4TMR = 0x1b6
                    0x01b8                  OC5CON1 = 0x1b8
                    0x01b8                  _OC5CON1 = 0x1b8
                    0x01b8                  _OC5CON1bits = 0x1b8
                    0x01ba                  OC5CON2 = 0x1ba
                    0x01ba                  _OC5CON2 = 0x1ba
                    0x01ba                  _OC5CON2bits = 0x1ba
                    0x01bc                  OC5RS = 0x1bc
                    0x01bc                  _OC5RS = 0x1bc
                    0x01be                  OC5R = 0x1be
                    0x01be                  _OC5R = 0x1be
                    0x01c0                  OC5TMR = 0x1c0
                    0x01c0                  _OC5TMR = 0x1c0
                    0x01c2                  OC6CON1 = 0x1c2
                    0x01c2                  _OC6CON1 = 0x1c2
                    0x01c2                  _OC6CON1bits = 0x1c2
                    0x01c4                  OC6CON2 = 0x1c4
                    0x01c4                  _OC6CON2 = 0x1c4
                    0x01c4                  _OC6CON2bits = 0x1c4
                    0x01c6                  OC6RS = 0x1c6
                    0x01c6                  _OC6RS = 0x1c6
                    0x01c8                  OC6R = 0x1c8
                    0x01c8                  _OC6R = 0x1c8
                    0x01ca                  OC6TMR = 0x1ca
                    0x01ca                  _OC6TMR = 0x1ca
                    0x01cc                  OC7CON1 = 0x1cc
                    0x01cc                  _OC7CON1 = 0x1cc
                    0x01cc                  _OC7CON1bits = 0x1cc
                    0x01ce                  OC7CON2 = 0x1ce
                    0x01ce                  _OC7CON2 = 0x1ce
                    0x01ce                  _OC7CON2bits = 0x1ce
                    0x01d0                  OC7RS = 0x1d0
                    0x01d0                  _OC7RS = 0x1d0
                    0x01d2                  OC7R = 0x1d2
                    0x01d2                  _OC7R = 0x1d2
                    0x01d4                  OC7TMR = 0x1d4
                    0x01d4                  _OC7TMR = 0x1d4
                    0x01d6                  OC8CON1 = 0x1d6
                    0x01d6                  _OC8CON1 = 0x1d6
                    0x01d6                  _OC8CON1bits = 0x1d6
                    0x01d8                  OC8CON2 = 0x1d8
                    0x01d8                  _OC8CON2 = 0x1d8
                    0x01d8                  _OC8CON2bits = 0x1d8
                    0x01da                  OC8RS = 0x1da
                    0x01da                  _OC8RS = 0x1da
                    0x01dc                  OC8R = 0x1dc
                    0x01dc                  _OC8R = 0x1dc
                    0x01de                  OC8TMR = 0x1de
                    0x01de                  _OC8TMR = 0x1de
                    0x01e0                  OC9CON1 = 0x1e0
                    0x01e0                  _OC9CON1 = 0x1e0
                    0x01e0                  _OC9CON1bits = 0x1e0
                    0x01e2                  OC9CON2 = 0x1e2
                    0x01e2                  _OC9CON2 = 0x1e2
                    0x01e2                  _OC9CON2bits = 0x1e2
                    0x01e4                  OC9RS = 0x1e4
                    0x01e4                  _OC9RS = 0x1e4
                    0x01e6                  OC9R = 0x1e6
                    0x01e6                  _OC9R = 0x1e6
                    0x01e8                  OC9TMR = 0x1e8
                    0x01e8                  _OC9TMR = 0x1e8
                    0x0200                  I2C1RCV = 0x200
                    0x0200                  _I2C1RCV = 0x200
                    0x0202                  I2C1TRN = 0x202
                    0x0202                  _I2C1TRN = 0x202
                    0x0204                  I2C1BRG = 0x204
                    0x0204                  _I2C1BRG = 0x204
                    0x0206                  I2C1CON = 0x206
                    0x0206                  _I2C1CON = 0x206
                    0x0206                  _I2C1CONbits = 0x206
                    0x0208                  I2C1STAT = 0x208
                    0x0208                  _I2C1STAT = 0x208
                    0x0208                  _I2C1STATbits = 0x208
                    0x020a                  I2C1ADD = 0x20a
                    0x020a                  _I2C1ADD = 0x20a
                    0x020c                  I2C1MSK = 0x20c
                    0x020c                  _I2C1MSK = 0x20c
                    0x0210                  I2C2RCV = 0x210
                    0x0210                  _I2C2RCV = 0x210
                    0x0212                  I2C2TRN = 0x212
                    0x0212                  _I2C2TRN = 0x212
                    0x0214                  I2C2BRG = 0x214
                    0x0214                  _I2C2BRG = 0x214
                    0x0216                  I2C2CON = 0x216
                    0x0216                  _I2C2CON = 0x216
                    0x0216                  _I2C2CONbits = 0x216
                    0x0218                  I2C2STAT = 0x218
                    0x0218                  _I2C2STAT = 0x218
                    0x0218                  _I2C2STATbits = 0x218
                    0x021a                  I2C2ADD = 0x21a
                    0x021a                  _I2C2ADD = 0x21a
                    0x021c                  I2C2MSK = 0x21c
                    0x021c                  _I2C2MSK = 0x21c
                    0x0220                  U1MODE = 0x220
                    0x0220                  _U1MODE = 0x220
                    0x0220                  _U1MODEbits = 0x220
                    0x0222                  U1STA = 0x222
                    0x0222                  _U1STA = 0x222
                    0x0222                  _U1STAbits = 0x222
                    0x0224                  U1TXREG = 0x224
                    0x0224                  _U1TXREG = 0x224
                    0x0224                  _U1TXREGbits = 0x224
                    0x0226                  U1RXREG = 0x226
                    0x0226                  _U1RXREG = 0x226
                    0x0226                  _U1RXREGbits = 0x226
                    0x0228                  U1BRG = 0x228
                    0x0228                  _U1BRG = 0x228
                    0x0230                  U2MODE = 0x230
                    0x0230                  _U2MODE = 0x230
                    0x0230                  _U2MODEbits = 0x230
                    0x0232                  U2STA = 0x232
                    0x0232                  _U2STA = 0x232
                    0x0232                  _U2STAbits = 0x232
                    0x0234                  U2TXREG = 0x234
                    0x0234                  _U2TXREG = 0x234
                    0x0234                  _U2TXREGbits = 0x234
                    0x0236                  U2RXREG = 0x236
                    0x0236                  _U2RXREG = 0x236
                    0x0236                  _U2RXREGbits = 0x236
                    0x0238                  U2BRG = 0x238
                    0x0238                  _U2BRG = 0x238
                    0x0240                  SPI1STAT = 0x240
                    0x0240                  _SPI1STAT = 0x240
                    0x0240                  _SPI1STATbits = 0x240
                    0x0242                  SPI1CON1 = 0x242
                    0x0242                  _SPI1CON1 = 0x242
                    0x0242                  _SPI1CON1bits = 0x242
                    0x0244                  SPI1CON2 = 0x244
                    0x0244                  _SPI1CON2 = 0x244
                    0x0244                  _SPI1CON2bits = 0x244
                    0x0248                  SPI1BUF = 0x248
                    0x0248                  _SPI1BUF = 0x248
                    0x0250                  U3MODE = 0x250
                    0x0250                  _U3MODE = 0x250
                    0x0250                  _U3MODEbits = 0x250
                    0x0252                  U3STA = 0x252
                    0x0252                  _U3STA = 0x252
                    0x0252                  _U3STAbits = 0x252
                    0x0254                  U3TXREG = 0x254
                    0x0254                  _U3TXREG = 0x254
                    0x0254                  _U3TXREGbits = 0x254
                    0x0256                  U3RXREG = 0x256
                    0x0256                  _U3RXREG = 0x256
                    0x0256                  _U3RXREGbits = 0x256
                    0x0258                  U3BRG = 0x258
                    0x0258                  _U3BRG = 0x258
                    0x0260                  SPI2STAT = 0x260
                    0x0260                  _SPI2STAT = 0x260
                    0x0260                  _SPI2STATbits = 0x260
                    0x0262                  SPI2CON1 = 0x262
                    0x0262                  _SPI2CON1 = 0x262
                    0x0262                  _SPI2CON1bits = 0x262
                    0x0264                  SPI2CON2 = 0x264
                    0x0264                  _SPI2CON2 = 0x264
                    0x0264                  _SPI2CON2bits = 0x264
                    0x0268                  SPI2BUF = 0x268
                    0x0268                  _SPI2BUF = 0x268
                    0x0270                  I2C3RCV = 0x270
                    0x0270                  _I2C3RCV = 0x270
                    0x0272                  I2C3TRN = 0x272
                    0x0272                  _I2C3TRN = 0x272
                    0x0274                  I2C3BRG = 0x274
                    0x0274                  _I2C3BRG = 0x274
                    0x0276                  I2C3CON = 0x276
                    0x0276                  _I2C3CON = 0x276
                    0x0276                  _I2C3CONbits = 0x276
                    0x0278                  I2C3STAT = 0x278
                    0x0278                  _I2C3STAT = 0x278
                    0x0278                  _I2C3STATbits = 0x278
                    0x027a                  I2C3ADD = 0x27a
                    0x027a                  _I2C3ADD = 0x27a
                    0x027c                  I2C3MSK = 0x27c
                    0x027c                  _I2C3MSK = 0x27c
                    0x0280                  SPI3STAT = 0x280
                    0x0280                  _SPI3STAT = 0x280
                    0x0280                  _SPI3STATbits = 0x280
                    0x0282                  SPI3CON1 = 0x282
                    0x0282                  _SPI3CON1 = 0x282
                    0x0282                  _SPI3CON1bits = 0x282
                    0x0284                  SPI3CON2 = 0x284
                    0x0284                  _SPI3CON2 = 0x284
                    0x0284                  _SPI3CON2bits = 0x284
                    0x0288                  SPI3BUF = 0x288
                    0x0288                  _SPI3BUF = 0x288
                    0x02b0                  U4MODE = 0x2b0
                    0x02b0                  _U4MODE = 0x2b0
                    0x02b0                  _U4MODEbits = 0x2b0
                    0x02b2                  U4STA = 0x2b2
                    0x02b2                  _U4STA = 0x2b2
                    0x02b2                  _U4STAbits = 0x2b2
                    0x02b4                  U4TXREG = 0x2b4
                    0x02b4                  _U4TXREG = 0x2b4
                    0x02b4                  _U4TXREGbits = 0x2b4
                    0x02b6                  U4RXREG = 0x2b6
                    0x02b6                  _U4RXREG = 0x2b6
                    0x02b6                  _U4RXREGbits = 0x2b6
                    0x02b8                  U4BRG = 0x2b8
                    0x02b8                  _U4BRG = 0x2b8
                    0x02c8                  TRISB = 0x2c8
                    0x02c8                  _TRISB = 0x2c8
                    0x02c8                  _TRISBbits = 0x2c8
                    0x02ca                  PORTB = 0x2ca
                    0x02ca                  _PORTB = 0x2ca
                    0x02ca                  _PORTBbits = 0x2ca
                    0x02cc                  LATB = 0x2cc
                    0x02cc                  _LATB = 0x2cc
                    0x02cc                  _LATBbits = 0x2cc
                    0x02ce                  ODCB = 0x2ce
                    0x02ce                  _ODCB = 0x2ce
                    0x02ce                  _ODCBbits = 0x2ce
                    0x02d0                  TRISC = 0x2d0
                    0x02d0                  _TRISC = 0x2d0
                    0x02d0                  _TRISCbits = 0x2d0
                    0x02d2                  PORTC = 0x2d2
                    0x02d2                  _PORTC = 0x2d2
                    0x02d2                  _PORTCbits = 0x2d2
                    0x02d4                  LATC = 0x2d4
                    0x02d4                  _LATC = 0x2d4
                    0x02d4                  _LATCbits = 0x2d4
                    0x02d6                  ODCC = 0x2d6
                    0x02d6                  _ODCC = 0x2d6
                    0x02d6                  _ODCCbits = 0x2d6
                    0x02d8                  TRISD = 0x2d8
                    0x02d8                  _TRISD = 0x2d8
                    0x02d8                  _TRISDbits = 0x2d8
                    0x02da                  PORTD = 0x2da
                    0x02da                  _PORTD = 0x2da
                    0x02da                  _PORTDbits = 0x2da
                    0x02dc                  LATD = 0x2dc
                    0x02dc                  _LATD = 0x2dc
                    0x02dc                  _LATDbits = 0x2dc
                    0x02de                  ODCD = 0x2de
                    0x02de                  _ODCD = 0x2de
                    0x02de                  _ODCDbits = 0x2de
                    0x02e0                  TRISE = 0x2e0
                    0x02e0                  _TRISE = 0x2e0
                    0x02e0                  _TRISEbits = 0x2e0
                    0x02e2                  PORTE = 0x2e2
                    0x02e2                  _PORTE = 0x2e2
                    0x02e2                  _PORTEbits = 0x2e2
                    0x02e4                  LATE = 0x2e4
                    0x02e4                  _LATE = 0x2e4
                    0x02e4                  _LATEbits = 0x2e4
                    0x02e6                  ODCE = 0x2e6
                    0x02e6                  _ODCE = 0x2e6
                    0x02e6                  _ODCEbits = 0x2e6
                    0x02e8                  TRISF = 0x2e8
                    0x02e8                  _TRISF = 0x2e8
                    0x02e8                  _TRISFbits = 0x2e8
                    0x02ea                  PORTF = 0x2ea
                    0x02ea                  _PORTF = 0x2ea
                    0x02ea                  _PORTFbits = 0x2ea
                    0x02ec                  LATF = 0x2ec
                    0x02ec                  _LATF = 0x2ec
                    0x02ec                  _LATFbits = 0x2ec
                    0x02ee                  ODCF = 0x2ee
                    0x02ee                  _ODCF = 0x2ee
                    0x02ee                  _ODCFbits = 0x2ee
                    0x02f0                  TRISG = 0x2f0
                    0x02f0                  _TRISG = 0x2f0
                    0x02f0                  _TRISGbits = 0x2f0
                    0x02f2                  PORTG = 0x2f2
                    0x02f2                  _PORTG = 0x2f2
                    0x02f2                  _PORTGbits = 0x2f2
                    0x02f4                  LATG = 0x2f4
                    0x02f4                  _LATG = 0x2f4
                    0x02f4                  _LATGbits = 0x2f4
                    0x02f6                  ODCG = 0x2f6
                    0x02f6                  _ODCG = 0x2f6
                    0x02f6                  _ODCGbits = 0x2f6
                    0x02fc                  PADCFG1 = 0x2fc
                    0x02fc                  _PADCFG1 = 0x2fc
                    0x02fc                  _PADCFG1bits = 0x2fc
                    0x0300                  ADC1BUF0 = 0x300
                    0x0300                  _ADC1BUF0 = 0x300
                    0x0302                  ADC1BUF1 = 0x302
                    0x0302                  _ADC1BUF1 = 0x302
                    0x0304                  ADC1BUF2 = 0x304
                    0x0304                  _ADC1BUF2 = 0x304
                    0x0306                  ADC1BUF3 = 0x306
                    0x0306                  _ADC1BUF3 = 0x306
                    0x0308                  ADC1BUF4 = 0x308
                    0x0308                  _ADC1BUF4 = 0x308
                    0x030a                  ADC1BUF5 = 0x30a
                    0x030a                  _ADC1BUF5 = 0x30a
                    0x030c                  ADC1BUF6 = 0x30c
                    0x030c                  _ADC1BUF6 = 0x30c
                    0x030e                  ADC1BUF7 = 0x30e
                    0x030e                  _ADC1BUF7 = 0x30e
                    0x0310                  ADC1BUF8 = 0x310
                    0x0310                  _ADC1BUF8 = 0x310
                    0x0312                  ADC1BUF9 = 0x312
                    0x0312                  _ADC1BUF9 = 0x312
                    0x0314                  ADC1BUFA = 0x314
                    0x0314                  _ADC1BUFA = 0x314
                    0x0316                  ADC1BUFB = 0x316
                    0x0316                  _ADC1BUFB = 0x316
                    0x0318                  ADC1BUFC = 0x318
                    0x0318                  _ADC1BUFC = 0x318
                    0x031a                  ADC1BUFD = 0x31a
                    0x031a                  _ADC1BUFD = 0x31a
                    0x031c                  ADC1BUFE = 0x31c
                    0x031c                  _ADC1BUFE = 0x31c
                    0x031e                  ADC1BUFF = 0x31e
                    0x031e                  _ADC1BUFF = 0x31e
                    0x0320                  AD1CON1 = 0x320
                    0x0320                  _AD1CON1 = 0x320
                    0x0320                  _AD1CON1bits = 0x320
                    0x0322                  AD1CON2 = 0x322
                    0x0322                  _AD1CON2 = 0x322
                    0x0322                  _AD1CON2bits = 0x322
                    0x0324                  AD1CON3 = 0x324
                    0x0324                  _AD1CON3 = 0x324
                    0x0324                  _AD1CON3bits = 0x324
                    0x0328                  AD1CHS = 0x328
                    0x0328                  _AD1CHS = 0x328
                    0x0328                  _AD1CHSbits = 0x328
                    0x0328                  AD1CHS0 = 0x328
                    0x0328                  _AD1CHS0 = 0x328
                    0x0328                  _AD1CHS0bits = 0x328
                    0x032e                  AD1CSSH = 0x32e
                    0x032e                  _AD1CSSH = 0x32e
                    0x032e                  _AD1CSSHbits = 0x32e
                    0x0330                  AD1CSSL = 0x330
                    0x0330                  _AD1CSSL = 0x330
                    0x0330                  _AD1CSSLbits = 0x330
                    0x033c                  CTMUCON = 0x33c
                    0x033c                  _CTMUCON = 0x33c
                    0x033c                  _CTMUCONbits = 0x33c
                    0x033e                  CTMUICON = 0x33e
                    0x033e                  _CTMUICON = 0x33e
                    0x033e                  _CTMUICONbits = 0x33e
                    0x0340                  ADC1BUF10 = 0x340
                    0x0340                  _ADC1BUF10 = 0x340
                    0x0342                  ADC1BUF11 = 0x342
                    0x0342                  _ADC1BUF11 = 0x342
                    0x0344                  ADC1BUF12 = 0x344
                    0x0344                  _ADC1BUF12 = 0x344
                    0x0346                  ADC1BUF13 = 0x346
                    0x0346                  _ADC1BUF13 = 0x346
                    0x0348                  ADC1BUF14 = 0x348
                    0x0348                  _ADC1BUF14 = 0x348
                    0x034a                  ADC1BUF15 = 0x34a
                    0x034a                  _ADC1BUF15 = 0x34a
                    0x034c                  ADC1BUF16 = 0x34c
                    0x034c                  _ADC1BUF16 = 0x34c
                    0x034e                  ADC1BUF17 = 0x34e
                    0x034e                  _ADC1BUF17 = 0x34e
                    0x0350                  ADC1BUF18 = 0x350
                    0x0350                  _ADC1BUF18 = 0x350
                    0x0352                  ADC1BUF19 = 0x352
                    0x0352                  _ADC1BUF19 = 0x352
                    0x0354                  ADC1BUF1A = 0x354
                    0x0354                  _ADC1BUF1A = 0x354
                    0x0356                  ADC1BUF1B = 0x356
                    0x0356                  _ADC1BUF1B = 0x356
                    0x0358                  ADC1BUF1C = 0x358
                    0x0358                  _ADC1BUF1C = 0x358
                    0x035a                  ADC1BUF1D = 0x35a
                    0x035a                  _ADC1BUF1D = 0x35a
                    0x035c                  ADC1BUF1E = 0x35c
                    0x035c                  _ADC1BUF1E = 0x35c
                    0x035e                  ADC1BUF1F = 0x35e
                    0x035e                  _ADC1BUF1F = 0x35e
                    0x0480                  U1OTGIR = 0x480
                    0x0480                  _U1OTGIR = 0x480
                    0x0480                  _U1OTGIRbits = 0x480
                    0x0482                  U1OTGIE = 0x482
                    0x0482                  _U1OTGIE = 0x482
                    0x0482                  _U1OTGIEbits = 0x482
                    0x0484                  U1OTGSTAT = 0x484
                    0x0484                  _U1OTGSTAT = 0x484
                    0x0484                  _U1OTGSTATbits = 0x484
                    0x0486                  U1OTGCON = 0x486
                    0x0486                  _U1OTGCON = 0x486
                    0x0486                  _U1OTGCONbits = 0x486
                    0x0488                  U1PWRC = 0x488
                    0x0488                  _U1PWRC = 0x488
                    0x0488                  _U1PWRCbits = 0x488
                    0x048a                  U1IR = 0x48a
                    0x048a                  _U1IR = 0x48a
                    0x048a                  _U1IRbits = 0x48a
                    0x048c                  U1IE = 0x48c
                    0x048c                  _U1IE = 0x48c
                    0x048c                  _U1IEbits = 0x48c
                    0x048e                  U1EIR = 0x48e
                    0x048e                  _U1EIR = 0x48e
                    0x048e                  _U1EIRbits = 0x48e
                    0x0490                  U1EIE = 0x490
                    0x0490                  _U1EIE = 0x490
                    0x0490                  _U1EIEbits = 0x490
                    0x0492                  U1STAT = 0x492
                    0x0492                  _U1STAT = 0x492
                    0x0492                  _U1STATbits = 0x492
                    0x0494                  U1CON = 0x494
                    0x0494                  _U1CON = 0x494
                    0x0494                  _U1CONbits = 0x494
                    0x0496                  U1ADDR = 0x496
                    0x0496                  _U1ADDR = 0x496
                    0x0496                  _U1ADDRbits = 0x496
                    0x0498                  U1BDTP1 = 0x498
                    0x0498                  _U1BDTP1 = 0x498
                    0x0498                  _U1BDTP1bits = 0x498
                    0x049a                  U1FRML = 0x49a
                    0x049a                  _U1FRML = 0x49a
                    0x049a                  _U1FRMLbits = 0x49a
                    0x049c                  U1FRMH = 0x49c
                    0x049c                  _U1FRMH = 0x49c
                    0x049c                  _U1FRMHbits = 0x49c
                    0x049e                  U1TOK = 0x49e
                    0x049e                  _U1TOK = 0x49e
                    0x049e                  _U1TOKbits = 0x49e
                    0x04a0                  U1SOF = 0x4a0
                    0x04a0                  _U1SOF = 0x4a0
                    0x04a0                  _U1SOFbits = 0x4a0
                    0x04a2                  U1BDTP2 = 0x4a2
                    0x04a2                  _U1BDTP2 = 0x4a2
                    0x04a2                  _U1BDTP2bits = 0x4a2
                    0x04a4                  U1BDTP3 = 0x4a4
                    0x04a4                  _U1BDTP3 = 0x4a4
                    0x04a4                  _U1BDTP3bits = 0x4a4
                    0x04a6                  U1CNFG1 = 0x4a6
                    0x04a6                  _U1CNFG1 = 0x4a6
                    0x04a6                  _U1CNFG1bits = 0x4a6
                    0x04a8                  U1CNFG2 = 0x4a8
                    0x04a8                  _U1CNFG2 = 0x4a8
                    0x04a8                  _U1CNFG2bits = 0x4a8
                    0x04aa                  U1EP0 = 0x4aa
                    0x04aa                  _U1EP0 = 0x4aa
                    0x04aa                  _U1EP0bits = 0x4aa
                    0x04ac                  U1EP1 = 0x4ac
                    0x04ac                  _U1EP1 = 0x4ac
                    0x04ac                  _U1EP1bits = 0x4ac
                    0x04ae                  U1EP2 = 0x4ae
                    0x04ae                  _U1EP2 = 0x4ae
                    0x04ae                  _U1EP2bits = 0x4ae
                    0x04b0                  U1EP3 = 0x4b0
                    0x04b0                  _U1EP3 = 0x4b0
                    0x04b0                  _U1EP3bits = 0x4b0
                    0x04b2                  U1EP4 = 0x4b2
                    0x04b2                  _U1EP4 = 0x4b2
                    0x04b2                  _U1EP4bits = 0x4b2
                    0x04b4                  U1EP5 = 0x4b4
                    0x04b4                  _U1EP5 = 0x4b4
                    0x04b4                  _U1EP5bits = 0x4b4
                    0x04b6                  U1EP6 = 0x4b6
                    0x04b6                  _U1EP6 = 0x4b6
                    0x04b6                  _U1EP6bits = 0x4b6
                    0x04b8                  U1EP7 = 0x4b8
                    0x04b8                  _U1EP7 = 0x4b8
                    0x04b8                  _U1EP7bits = 0x4b8
                    0x04ba                  U1EP8 = 0x4ba
                    0x04ba                  _U1EP8 = 0x4ba
                    0x04ba                  _U1EP8bits = 0x4ba
                    0x04bc                  U1EP9 = 0x4bc
                    0x04bc                  _U1EP9 = 0x4bc
                    0x04bc                  _U1EP9bits = 0x4bc
                    0x04be                  U1EP10 = 0x4be
                    0x04be                  _U1EP10 = 0x4be
                    0x04be                  _U1EP10bits = 0x4be
                    0x04c0                  U1EP11 = 0x4c0
                    0x04c0                  _U1EP11 = 0x4c0
                    0x04c0                  _U1EP11bits = 0x4c0
                    0x04c2                  U1EP12 = 0x4c2
                    0x04c2                  _U1EP12 = 0x4c2
                    0x04c2                  _U1EP12bits = 0x4c2
                    0x04c4                  U1EP13 = 0x4c4
                    0x04c4                  _U1EP13 = 0x4c4
                    0x04c4                  _U1EP13bits = 0x4c4
                    0x04c6                  U1EP14 = 0x4c6
                    0x04c6                  _U1EP14 = 0x4c6
                    0x04c6                  _U1EP14bits = 0x4c6
                    0x04c8                  U1EP15 = 0x4c8
                    0x04c8                  _U1EP15 = 0x4c8
                    0x04c8                  _U1EP15bits = 0x4c8
                    0x04cc                  U1PWMRRS = 0x4cc
                    0x04cc                  _U1PWMRRS = 0x4cc
                    0x04cc                  _U1PWMRRSbits = 0x4cc
                    0x04ce                  U1PWMCON = 0x4ce
                    0x04ce                  _U1PWMCON = 0x4ce
                    0x04ce                  _U1PWMCONbits = 0x4ce
                    0x04de                  ANCFG = 0x4de
                    0x04de                  _ANCFG = 0x4de
                    0x04de                  _ANCFGbits = 0x4de
                    0x04e2                  ANSB = 0x4e2
                    0x04e2                  _ANSB = 0x4e2
                    0x04e2                  _ANSBbits = 0x4e2
                    0x04e4                  ANSC = 0x4e4
                    0x04e4                  _ANSC = 0x4e4
                    0x04e4                  _ANSCbits = 0x4e4
                    0x04e6                  ANSD = 0x4e6
                    0x04e6                  _ANSD = 0x4e6
                    0x04e6                  _ANSDbits = 0x4e6
                    0x04ea                  ANSF = 0x4ea
                    0x04ea                  _ANSF = 0x4ea
                    0x04ea                  _ANSFbits = 0x4ea
                    0x04ec                  ANSG = 0x4ec
                    0x04ec                  _ANSG = 0x4ec
                    0x04ec                  _ANSGbits = 0x4ec
                    0x0620                  ALRMVAL = 0x620
                    0x0620                  _ALRMVAL = 0x620
                    0x0622                  ALCFGRPT = 0x622
                    0x0622                  _ALCFGRPT = 0x622
                    0x0622                  _ALCFGRPTbits = 0x622
                    0x0624                  RTCVAL = 0x624
                    0x0624                  _RTCVAL = 0x624
                    0x0626                  RCFGCAL = 0x626
                    0x0626                  _RCFGCAL = 0x626
                    0x0626                  _RCFGCALbits = 0x626
                    0x0630                  CMSTAT = 0x630
                    0x0630                  _CMSTAT = 0x630
                    0x0630                  _CMSTATbits = 0x630
                    0x0632                  CVRCON = 0x632
                    0x0632                  _CVRCON = 0x632
                    0x0632                  _CVRCONbits = 0x632
                    0x0634                  CM1CON = 0x634
                    0x0634                  _CM1CON = 0x634
                    0x0634                  _CM1CONbits = 0x634
                    0x0636                  CM2CON = 0x636
                    0x0636                  _CM2CON = 0x636
                    0x0636                  _CM2CONbits = 0x636
                    0x0638                  CM3CON = 0x638
                    0x0638                  _CM3CON = 0x638
                    0x0638                  _CM3CONbits = 0x638
                    0x0640                  CRCCON1 = 0x640
                    0x0640                  _CRCCON1 = 0x640
                    0x0640                  _CRCCON1bits = 0x640
                    0x0642                  CRCCON2 = 0x642
                    0x0642                  _CRCCON2 = 0x642
                    0x0642                  _CRCCON2bits = 0x642
                    0x0644                  CRCXORL = 0x644
                    0x0644                  _CRCXORL = 0x644
                    0x0644                  _CRCXORLbits = 0x644
                    0x0646                  CRCXORH = 0x646
                    0x0646                  _CRCXORH = 0x646
                    0x0646                  _CRCXORHbits = 0x646
                    0x0648                  CRCDATL = 0x648
                    0x0648                  _CRCDATL = 0x648
                    0x064a                  CRCDATH = 0x64a
                    0x064a                  _CRCDATH = 0x64a
                    0x064c                  CRCWDATL = 0x64c
                    0x064c                  _CRCWDATL = 0x64c
                    0x064e                  CRCWDATH = 0x64e
                    0x064e                  _CRCWDATH = 0x64e
                    0x0680                  RPINR0 = 0x680
                    0x0680                  _RPINR0 = 0x680
                    0x0680                  _RPINR0bits = 0x680
                    0x0682                  RPINR1 = 0x682
                    0x0682                  _RPINR1 = 0x682
                    0x0682                  _RPINR1bits = 0x682
                    0x0684                  RPINR2 = 0x684
                    0x0684                  _RPINR2 = 0x684
                    0x0684                  _RPINR2bits = 0x684
                    0x0686                  RPINR3 = 0x686
                    0x0686                  _RPINR3 = 0x686
                    0x0686                  _RPINR3bits = 0x686
                    0x0688                  RPINR4 = 0x688
                    0x0688                  _RPINR4 = 0x688
                    0x0688                  _RPINR4bits = 0x688
                    0x068e                  RPINR7 = 0x68e
                    0x068e                  _RPINR7 = 0x68e
                    0x068e                  _RPINR7bits = 0x68e
                    0x0690                  RPINR8 = 0x690
                    0x0690                  _RPINR8 = 0x690
                    0x0690                  _RPINR8bits = 0x690
                    0x0692                  RPINR9 = 0x692
                    0x0692                  _RPINR9 = 0x692